Archive member included to satisfy reference by file (symbol)

c:/st/stm32cubeide_1.12.0/stm32cubeide/plugins/com.st.stm32cube.ide.mcu.externaltools.gnu-tools-for-stm32.10.3-2021.10.win32_1.0.200.202301161003/tools/bin/../lib/gcc/arm-none-eabi/10.3.1/../../../../arm-none-eabi/lib/thumb/v7e-m+fp/hard\libc_nano.a(lib_a-abs.o)
                              ./Core/Src/MoveControl/movecontrol.o (abs)
c:/st/stm32cubeide_1.12.0/stm32cubeide/plugins/com.st.stm32cube.ide.mcu.externaltools.gnu-tools-for-stm32.10.3-2021.10.win32_1.0.200.202301161003/tools/bin/../lib/gcc/arm-none-eabi/10.3.1/../../../../arm-none-eabi/lib/thumb/v7e-m+fp/hard\libc_nano.a(lib_a-errno.o)
                              ./Core/Src/syscalls.o (__errno)
c:/st/stm32cubeide_1.12.0/stm32cubeide/plugins/com.st.stm32cube.ide.mcu.externaltools.gnu-tools-for-stm32.10.3-2021.10.win32_1.0.200.202301161003/tools/bin/../lib/gcc/arm-none-eabi/10.3.1/../../../../arm-none-eabi/lib/thumb/v7e-m+fp/hard\libc_nano.a(lib_a-exit.o)
                              c:/st/stm32cubeide_1.12.0/stm32cubeide/plugins/com.st.stm32cube.ide.mcu.externaltools.gnu-tools-for-stm32.10.3-2021.10.win32_1.0.200.202301161003/tools/bin/../lib/gcc/arm-none-eabi/10.3.1/../../../../arm-none-eabi/lib/thumb/v7e-m+fp/hard/crt0.o (exit)
c:/st/stm32cubeide_1.12.0/stm32cubeide/plugins/com.st.stm32cube.ide.mcu.externaltools.gnu-tools-for-stm32.10.3-2021.10.win32_1.0.200.202301161003/tools/bin/../lib/gcc/arm-none-eabi/10.3.1/../../../../arm-none-eabi/lib/thumb/v7e-m+fp/hard\libc_nano.a(lib_a-impure.o)
                              c:/st/stm32cubeide_1.12.0/stm32cubeide/plugins/com.st.stm32cube.ide.mcu.externaltools.gnu-tools-for-stm32.10.3-2021.10.win32_1.0.200.202301161003/tools/bin/../lib/gcc/arm-none-eabi/10.3.1/../../../../arm-none-eabi/lib/thumb/v7e-m+fp/hard\libc_nano.a(lib_a-exit.o) (_global_impure_ptr)
c:/st/stm32cubeide_1.12.0/stm32cubeide/plugins/com.st.stm32cube.ide.mcu.externaltools.gnu-tools-for-stm32.10.3-2021.10.win32_1.0.200.202301161003/tools/bin/../lib/gcc/arm-none-eabi/10.3.1/../../../../arm-none-eabi/lib/thumb/v7e-m+fp/hard\libc_nano.a(lib_a-init.o)
                              c:/st/stm32cubeide_1.12.0/stm32cubeide/plugins/com.st.stm32cube.ide.mcu.externaltools.gnu-tools-for-stm32.10.3-2021.10.win32_1.0.200.202301161003/tools/bin/../lib/gcc/arm-none-eabi/10.3.1/../../../../arm-none-eabi/lib/thumb/v7e-m+fp/hard/crt0.o (__libc_init_array)
c:/st/stm32cubeide_1.12.0/stm32cubeide/plugins/com.st.stm32cube.ide.mcu.externaltools.gnu-tools-for-stm32.10.3-2021.10.win32_1.0.200.202301161003/tools/bin/../lib/gcc/arm-none-eabi/10.3.1/../../../../arm-none-eabi/lib/thumb/v7e-m+fp/hard\libc_nano.a(lib_a-memcpy-stub.o)
                              ./Core/Src/Modbus/modbus.o (memcpy)
c:/st/stm32cubeide_1.12.0/stm32cubeide/plugins/com.st.stm32cube.ide.mcu.externaltools.gnu-tools-for-stm32.10.3-2021.10.win32_1.0.200.202301161003/tools/bin/../lib/gcc/arm-none-eabi/10.3.1/../../../../arm-none-eabi/lib/thumb/v7e-m+fp/hard\libc_nano.a(lib_a-memset.o)
                              c:/st/stm32cubeide_1.12.0/stm32cubeide/plugins/com.st.stm32cube.ide.mcu.externaltools.gnu-tools-for-stm32.10.3-2021.10.win32_1.0.200.202301161003/tools/bin/../lib/gcc/arm-none-eabi/10.3.1/../../../../arm-none-eabi/lib/thumb/v7e-m+fp/hard/crt0.o (memset)
c:/st/stm32cubeide_1.12.0/stm32cubeide/plugins/com.st.stm32cube.ide.mcu.externaltools.gnu-tools-for-stm32.10.3-2021.10.win32_1.0.200.202301161003/tools/bin/../lib/gcc/arm-none-eabi/10.3.1/../../../../arm-none-eabi/lib/thumb/v7e-m+fp/hard\libm.a(lib_a-w_sqrt.o)
                              ./Core/Src/VibroSens/vibro.o (sqrt)
c:/st/stm32cubeide_1.12.0/stm32cubeide/plugins/com.st.stm32cube.ide.mcu.externaltools.gnu-tools-for-stm32.10.3-2021.10.win32_1.0.200.202301161003/tools/bin/../lib/gcc/arm-none-eabi/10.3.1/../../../../arm-none-eabi/lib/thumb/v7e-m+fp/hard\libm.a(lib_a-e_sqrt.o)
                              c:/st/stm32cubeide_1.12.0/stm32cubeide/plugins/com.st.stm32cube.ide.mcu.externaltools.gnu-tools-for-stm32.10.3-2021.10.win32_1.0.200.202301161003/tools/bin/../lib/gcc/arm-none-eabi/10.3.1/../../../../arm-none-eabi/lib/thumb/v7e-m+fp/hard\libm.a(lib_a-w_sqrt.o) (__ieee754_sqrt)
c:/st/stm32cubeide_1.12.0/stm32cubeide/plugins/com.st.stm32cube.ide.mcu.externaltools.gnu-tools-for-stm32.10.3-2021.10.win32_1.0.200.202301161003/tools/bin/../lib/gcc/arm-none-eabi/10.3.1/thumb/v7e-m+fp/hard\libgcc.a(_arm_muldf3.o)
                              c:/st/stm32cubeide_1.12.0/stm32cubeide/plugins/com.st.stm32cube.ide.mcu.externaltools.gnu-tools-for-stm32.10.3-2021.10.win32_1.0.200.202301161003/tools/bin/../lib/gcc/arm-none-eabi/10.3.1/../../../../arm-none-eabi/lib/thumb/v7e-m+fp/hard\libm.a(lib_a-e_sqrt.o) (__aeabi_dmul)
c:/st/stm32cubeide_1.12.0/stm32cubeide/plugins/com.st.stm32cube.ide.mcu.externaltools.gnu-tools-for-stm32.10.3-2021.10.win32_1.0.200.202301161003/tools/bin/../lib/gcc/arm-none-eabi/10.3.1/thumb/v7e-m+fp/hard\libgcc.a(_arm_addsubdf3.o)
[...]
Memory Configuration

Name             Origin             Length             Attributes
CCMRAM           0x0000000010000000 0x0000000000010000 xrw
RAM              0x0000000020000000 0x0000000000020000 xrw
FLASH            0x0000000008000000 0x0000000000100000 xr
*default*        0x0000000000000000 0xffffffffffffffff

Linker script and memory map

LOAD c:/st/stm32cubeide_1.12.0/stm32cubeide/plugins/com.st.stm32cube.ide.mcu.externaltools.gnu-tools-for-stm32.10.3-2021.10.win32_1.0.200.202301161003/tools/bin/../lib/gcc/arm-none-eabi/10.3.1/thumb/v7e-m+fp/hard/crti.o
LOAD c:/st/stm32cubeide_1.12.0/stm32cubeide/plugins/com.st.stm32cube.ide.mcu.externaltools.gnu-tools-for-stm32.10.3-2021.10.win32_1.0.200.202301161003/tools/bin/../lib/gcc/arm-none-eabi/10.3.1/thumb/v7e-m+fp/hard/crtbegin.o
LOAD c:/st/stm32cubeide_1.12.0/stm32cubeide/plugins/com.st.stm32cube.ide.mcu.externaltools.gnu-tools-for-stm32.10.3-2021.10.win32_1.0.200.202301161003/tools/bin/../lib/gcc/arm-none-eabi/10.3.1/../../../../arm-none-eabi/lib/thumb/v7e-m+fp/hard/crt0.o
LOAD ./Core/Src/Display/LCD1602.o
LOAD ./Core/Src/Modbus/mb_map.o
LOAD ./Core/Src/Modbus/modbus.o
LOAD ./Core/Src/MoveControl/movecontrol.o
LOAD ./Core/Src/Settings/Settings.o
LOAD ./Core/Src/VibroSens/vibro.o
LOAD ./Core/Src/global.o
LOAD ./Core/Src/main.o
LOAD ./Core/Src/stm32f4xx_hal_msp.o
LOAD ./Core/Src/stm32f4xx_it.o
LOAD ./Core/Src/syscalls.o
LOAD ./Core/Src/sysmem.o
LOAD ./Core/Src/system_stm32f4xx.o
LOAD ./Core/Startup/startup_stm32f405rgtx.o
LOAD ./Drivers/STM32F4xx_HAL_Driver/Src/stm32f4xx_hal.o
LOAD ./Drivers/STM32F4xx_HAL_Driver/Src/stm32f4xx_hal_adc.o
LOAD ./Drivers/STM32F4xx_HAL_Driver/Src/stm32f4xx_hal_adc_ex.o
LOAD ./Drivers/STM32F4xx_HAL_Driver/Src/stm32f4xx_hal_cortex.o
LOAD ./Drivers/STM32F4xx_HAL_Driver/Src/stm32f4xx_hal_dma.o
LOAD ./Drivers/STM32F4xx_HAL_Driver/Src/stm32f4xx_hal_dma_ex.o
LOAD ./Drivers/STM32F4xx_HAL_Driver/Src/stm32f4xx_hal_exti.o
LOAD ./Drivers/STM32F4xx_HAL_Driver/Src/stm32f4xx_hal_flash.o
LOAD ./Drivers/STM32F4xx_HAL_Driver/Src/stm32f4xx_hal_flash_ex.o
LOAD ./Drivers/STM32F4xx_HAL_Driver/Src/stm32f4xx_hal_flash_ramfunc.o
LOAD ./Drivers/STM32F4xx_HAL_Driver/Src/stm32f4xx_hal_gpio.o
LOAD ./Drivers/STM32F4xx_HAL_Driver/Src/stm32f4xx_hal_pwr.o
LOAD ./Drivers/STM32F4xx_HAL_Driver/Src/stm32f4xx_hal_pwr_ex.o
LOAD ./Drivers/STM32F4xx_HAL_Driver/Src/stm32f4xx_hal_rcc.o
LOAD ./Drivers/STM32F4xx_HAL_Driver/Src/stm32f4xx_hal_rcc_ex.o
LOAD ./Drivers/STM32F4xx_HAL_Driver/Src/stm32f4xx_hal_tim.o
LOAD ./Drivers/STM32F4xx_HAL_Driver/Src/stm32f4xx_hal_tim_ex.o
LOAD ./Drivers/STM32F4xx_HAL_Driver/Src/stm32f4xx_hal_uart.o
LOAD ./Drivers/STM32F4xx_HAL_Driver/Src/stm32f4xx_ll_adc.o
START GROUP
LOAD c:/st/stm32cubeide_1.12.0/stm32cubeide/plugins/com.st.stm32cube.ide.mcu.externaltools.gnu-tools-for-stm32.10.3-2021.10.win32_1.0.200.202301161003/tools/bin/../lib/gcc/arm-none-eabi/10.3.1/../../../../arm-none-eabi/lib/thumb/v7e-m+fp/hard\libc_nano.a
LOAD c:/st/stm32cubeide_1.12.0/stm32cubeide/plugins/com.st.stm32cube.ide.mcu.externaltools.gnu-tools-for-stm32.10.3-2021.10.win32_1.0.200.202301161003/tools/bin/../lib/gcc/arm-none-eabi/10.3.1/../../../../arm-none-eabi/lib/thumb/v7e-m+fp/hard\libm.a
END GROUP
START GROUP
LOAD c:/st/stm32cubeide_1.12.0/stm32cubeide/plugins/com.st.stm32cube.ide.mcu.externaltools.gnu-tools-for-stm32.10.3-2021.10.win32_1.0.200.202301161003/tools/bin/../lib/gcc/arm-none-eabi/10.3.1/thumb/v7e-m+fp/hard\libgcc.a
LOAD c:/st/stm32cubeide_1.12.0/stm32cubeide/plugins/com.st.stm32cube.ide.mcu.externaltools.gnu-tools-for-stm32.10.3-2021.10.win32_1.0.200.202301161003/tools/bin/../lib/gcc/arm-none-eabi/10.3.1/../../../../arm-none-eabi/lib/thumb/v7e-m+fp/hard\libc_nano.a
END GROUP
START GROUP
LOAD c:/st/stm32cubeide_1.12.0/stm32cubeide/plugins/com.st.stm32cube.ide.mcu.externaltools.gnu-tools-for-stm32.10.3-2021.10.win32_1.0.200.202301161003/tools/bin/../lib/gcc/arm-none-eabi/10.3.1/thumb/v7e-m+fp/hard\libgcc.a
LOAD c:/st/stm32cubeide_1.12.0/stm32cubeide/plugins/com.st.stm32cube.ide.mcu.externaltools.gnu-tools-for-stm32.10.3-2021.10.win32_1.0.200.202301161003/tools/bin/../lib/gcc/arm-none-eabi/10.3.1/../../../../arm-none-eabi/lib/thumb/v7e-m+fp/hard\libc_nano.a
LOAD c:/st/stm32cubeide_1.12.0/stm32cubeide/plugins/com.st.stm32cube.ide.mcu.externaltools.gnu-tools-for-stm32.10.3-2021.10.win32_1.0.200.202301161003/tools/bin/../lib/gcc/arm-none-eabi/10.3.1/../../../../arm-none-eabi/lib/thumb/v7e-m+fp/hard\libnosys.a
END GROUP
START GROUP
LOAD c:/st/stm32cubeide_1.12.0/stm32cubeide/plugins/com.st.stm32cube.ide.mcu.externaltools.gnu-tools-for-stm32.10.3-2021.10.win32_1.0.200.202301161003/tools/bin/../lib/gcc/arm-none-eabi/10.3.1/thumb/v7e-m+fp/hard\libgcc.a
LOAD c:/st/stm32cubeide_1.12.0/stm32cubeide/plugins/com.st.stm32cube.ide.mcu.externaltools.gnu-tools-for-stm32.10.3-2021.10.win32_1.0.200.202301161003/tools/bin/../lib/gcc/arm-none-eabi/10.3.1/../../../../arm-none-eabi/lib/thumb/v7e-m+fp/hard\libc_nano.a
LOAD c:/st/stm32cubeide_1.12.0/stm32cubeide/plugins/com.st.stm32cube.ide.mcu.externaltools.gnu-tools-for-stm32.10.3-2021.10.win32_1.0.200.202301161003/tools/bin/../lib/gcc/arm-none-eabi/10.3.1/../../../../arm-none-eabi/lib/thumb/v7e-m+fp/hard\libnosys.a
END GROUP
LOAD c:/st/stm32cubeide_1.12.0/stm32cubeide/plugins/com.st.stm32cube.ide.mcu.externaltools.gnu-tools-for-stm32.10.3-2021.10.win32_1.0.200.202301161003/tools/bin/../lib/gcc/arm-none-eabi/10.3.1/thumb/v7e-m+fp/hard/crtend.o
LOAD c:/st/stm32cubeide_1.12.0/stm32cubeide/plugins/com.st.stm32cube.ide.mcu.externaltools.gnu-tools-for-stm32.10.3-2021.10.win32_1.0.200.202301161003/tools/bin/../lib/gcc/arm-none-eabi/10.3.1/thumb/v7e-m+fp/hard/crtn.o
                0x0000000020020000                _estack = (ORIGIN (RAM) + LENGTH (RAM))
                0x0000000000000200                _Min_Heap_Size = 0x200
                0x0000000000000400                _Min_Stack_Size = 0x400

.isr_vector     0x0000000008000000      0x188
                0x0000000008000000                . = ALIGN (0x4)
 *(.isr_vector)
 .isr_vector    0x0000000008000000      0x188 ./Core/Startup/startup_stm32f405rgtx.o
                0x0000000008000000                g_pfnVectors
                0x0000000008000188                . = ALIGN (0x4)

.text           0x0000000008000188     0x4fd8
                0x0000000008000188                . = ALIGN (0x4)
 *(.text)
 .text          0x0000000008000188       0x40 c:/st/stm32cubeide_1.12.0/stm32cubeide/plugins/com.st.stm32cube.ide.mcu.externaltools.gnu-tools-for-stm32.10.3-2021.10.win32_1.0.200.202301161003/tools/bin/../lib/gcc/arm-none-eabi/10.3.1/thumb/v7e-m+fp/hard/crtbegin.o
 .text          0x00000000080001c8      0x378 c:/st/stm32cubeide_1.12.0/stm32cubeide/plugins/com.st.stm32cube.ide.mcu.externaltools.gnu-tools-for-stm32.10.3-2021.10.win32_1.0.200.202301161003/tools/bin/../lib/gcc/arm-none-eabi/10.3.1/thumb/v7e-m+fp/hard\libgcc.a(_arm_addsubdf3.o)
                0x00000000080001c8                __aeabi_drsub
                0x00000000080001d0                __aeabi_dsub
                0x00000000080001d0                __subdf3
                0x00000000080001d4                __aeabi_dadd
                0x00000000080001d4                __adddf3
                0x000000000800044c                __floatunsidf
                0x000000000800044c                __aeabi_ui2d
                0x000000000800046c                __floatsidf
                0x000000000800046c                __aeabi_i2d
                0x0000000008000490                __aeabi_f2d
                0x0000000008000490                __extendsfdf2
                0x00000000080004d4                __floatundidf
                0x00000000080004d4                __aeabi_ul2d
                0x00000000080004e4                __floatdidf
                0x00000000080004e4                __aeabi_l2d
 .text          0x0000000008000540      0x424 c:/st/stm32cubeide_1.12.0/stm32cubeide/plugins/com.st.stm32cube.ide.mcu.externaltools.gnu-tools-for-stm32.10.3-2021.10.win32_1.0.200.202301161003/tools/bin/../lib/gcc/arm-none-eabi/10.3.1/thumb/v7e-m+fp/hard\libgcc.a(_arm_muldivdf3.o)
                0x0000000008000540                __aeabi_dmul
                0x0000000008000540                __muldf3
                0x0000000008000794                __divdf3
                0x0000000008000794                __aeabi_ddiv
 .text          0x0000000008000964      0x110 c:/st/stm32cubeide_1.12.0/stm32cubeide/plugins/com.st.stm32cube.ide.mcu.externaltools.gnu-tools-for-stm32.10.3-2021.10.win32_1.0.200.202301161003/tools/bin/../lib/gcc/arm-none-eabi/10.3.1/thumb/v7e-m+fp/hard\libgcc.a(_arm_cmpdf2.o)
                0x0000000008000964                __gtdf2
                0x0000000008000964                __gedf2
                0x000000000800096c                __ltdf2
                0x000000000800096c                __ledf2
                0x0000000008000974                __nedf2
                0x0000000008000974                __eqdf2
                0x0000000008000974                __cmpdf2
                0x00000000080009f0                __aeabi_cdrcmple
                0x0000000008000a00                __aeabi_cdcmpeq
                0x0000000008000a00                __aeabi_cdcmple
                0x0000000008000a10                __aeabi_dcmpeq
                0x0000000008000a24                __aeabi_dcmplt
                0x0000000008000a38                __aeabi_dcmple
                0x0000000008000a4c                __aeabi_dcmpge
                0x0000000008000a60                __aeabi_dcmpgt
 .text          0x0000000008000a74       0x2c c:/st/stm32cubeide_1.12.0/stm32cubeide/plugins/com.st.stm32cube.ide.mcu.externaltools.gnu-tools-for-stm32.10.3-2021.10.win32_1.0.200.202301161003/tools/bin/../lib/gcc/arm-none-eabi/10.3.1/thumb/v7e-m+fp/hard\libgcc.a(_arm_unorddf2.o)
                0x0000000008000a74                __unorddf2
                0x0000000008000a74                __aeabi_dcmpun
 .text          0x0000000008000aa0       0xa0 c:/st/stm32cubeide_1.12.0/stm32cubeide/plugins/com.st.stm32cube.ide.mcu.externaltools.gnu-tools-for-stm32.10.3-2021.10.win32_1.0.200.202301161003/tools/bin/../lib/gcc/arm-none-eabi/10.3.1/thumb/v7e-m+fp/hard\libgcc.a(_arm_truncdfsf2.o)
                0x0000000008000aa0                __truncdfsf2
                0x0000000008000aa0                __aeabi_d2f
 .text          0x0000000008000b40       0x30 c:/st/stm32cubeide_1.12.0/stm32cubeide/plugins/com.st.stm32cube.ide.mcu.externaltools.gnu-tools-for-stm32.10.3-2021.10.win32_1.0.200.202301161003/tools/bin/../lib/gcc/arm-none-eabi/10.3.1/thumb/v7e-m+fp/hard\libgcc.a(_aeabi_uldivmod.o)
                0x0000000008000b40                __aeabi_uldivmod
 .text          0x0000000008000b70      0x2d0 c:/st/stm32cubeide_1.12.0/stm32cubeide/plugins/com.st.stm32cube.ide.mcu.externaltools.gnu-tools-for-stm32.10.3-2021.10.win32_1.0.200.202301161003/tools/bin/../lib/gcc/arm-none-eabi/10.3.1/thumb/v7e-m+fp/hard\libgcc.a(_udivmoddi4.o)
                0x0000000008000b70                __udivmoddi4
 .text          0x0000000008000e40        0x4 c:/st/stm32cubeide_1.12.0/stm32cubeide/plugins/com.st.stm32cube.ide.mcu.externaltools.gnu-tools-for-stm32.10.3-2021.10.win32_1.0.200.202301161003/tools/bin/../lib/gcc/arm-none-eabi/10.3.1/thumb/v7e-m+fp/hard\libgcc.a(_dvmd_tls.o)
                0x0000000008000e40                __aeabi_idiv0
                0x0000000008000e40                __aeabi_ldiv0
 *(.text*)
 .text.LCD1602_Init
                0x0000000008000e44       0x3c ./Core/Src/Display/LCD1602.o
                0x0000000008000e44                LCD1602_Init
 .text.delay    0x0000000008000e80       0x3e ./Core/Src/Display/LCD1602.o
 *fill*         0x0000000008000ebe        0x2 
 .text.PulseLCD
                0x0000000008000ec0       0x44 ./Core/Src/Display/LCD1602.o
 .text.SendByte
                0x0000000008000f04       0xb0 ./Core/Src/Display/LCD1602.o
 .text.DisplayProc
                0x0000000008000fb4       0x3c ./Core/Src/Display/LCD1602.o
                0x0000000008000fb4                DisplayProc
 .text.UpdateTimer
                0x0000000008000ff0       0x30 ./Core/Src/Modbus/modbus.o
 .text.ModBusInit
                0x0000000008001020       0x34 ./Core/Src/Modbus/modbus.o
                0x0000000008001020                ModBusInit
 .text.HAL_UART_RxCpltCallback
                0x0000000008001054       0x84 ./Core/Src/Modbus/modbus.o
                0x0000000008001054                HAL_UART_RxCpltCallback
 .text.HAL_UART_ErrorCallback
                0x00000000080010d8       0x38 ./Core/Src/Modbus/modbus.o
                0x00000000080010d8                HAL_UART_ErrorCallback
 .text.TIM6_DAC_IRQHandler
                0x0000000008001110       0x28 ./Core/Src/Modbus/modbus.o
                0x0000000008001110                TIM6_DAC_IRQHandler
 .text.MB_SetSettings
                0x0000000008001138       0x20 ./Core/Src/Modbus/modbus.o
                0x0000000008001138                MB_SetSettings
 .text.MB_SendCommand
                0x0000000008001158       0x1e ./Core/Src/Modbus/modbus.o
                0x0000000008001158                MB_SendCommand
 *fill*         0x0000000008001176        0x2 
 .text.CalculateNewU
                0x0000000008001178       0x1c ./Core/Src/MoveControl/movecontrol.o
 .text.CalculateNewFreq
                0x0000000008001194       0x1c ./Core/Src/MoveControl/movecontrol.o
 .text.CorrectSettings
                0x00000000080011b0       0x64 ./Core/Src/MoveControl/movecontrol.o
 .text.isProcRun
                0x0000000008001214       0x10 ./Core/Src/MoveControl/movecontrol.o
 .text.InitMotors
                0x0000000008001224       0x3c ./Core/Src/MoveControl/movecontrol.o
                0x0000000008001224                InitMotors
 .text.MotorsControlProc
                0x0000000008001260       0x88 ./Core/Src/MoveControl/movecontrol.o
                0x0000000008001260                MotorsControlProc
 .text.ReadSettings
                0x00000000080012e8        0xe ./Core/Src/Settings/Settings.o
                0x00000000080012e8                ReadSettings
 *fill*         0x00000000080012f6        0x2 
 .text.InitVibro
                0x00000000080012f8       0x28 ./Core/Src/VibroSens/vibro.o
                0x00000000080012f8                InitVibro
 .text.CalcXFreq
                0x0000000008001320       0xfc ./Core/Src/VibroSens/vibro.o
 .text.CalcYFreq
                0x000000000800141c       0x88 ./Core/Src/VibroSens/vibro.o
 .text.VibroProc
                0x00000000080014a4       0x30 ./Core/Src/VibroSens/vibro.o
                0x00000000080014a4                VibroProc
 .text.main     0x00000000080014d4       0x4a ./Core/Src/main.o
                0x00000000080014d4                main
 *fill*         0x000000000800151e        0x2 
 .text.SystemClock_Config
                0x0000000008001520       0xbc ./Core/Src/main.o
                0x0000000008001520                SystemClock_Config
 .text.MX_ADC1_Init
                0x00000000080015dc       0xa4 ./Core/Src/main.o
 .text.MX_TIM3_Init
                0x0000000008001680       0xac ./Core/Src/main.o
 .text.MX_TIM7_Init
                0x000000000800172c       0x7c ./Core/Src/main.o
 .text.MX_USART1_UART_Init
                0x00000000080017a8       0x54 ./Core/Src/main.o
 .text.MX_USART3_UART_Init
                0x00000000080017fc       0x54 ./Core/Src/main.o
 .text.MX_DMA_Init
                0x0000000008001850       0x40 ./Core/Src/main.o
 .text.MX_GPIO_Init
                0x0000000008001890      0x108 ./Core/Src/main.o
 .text.Error_Handler
                0x0000000008001998        0xa ./Core/Src/main.o
                0x0000000008001998                Error_Handler
 *fill*         0x00000000080019a2        0x2 
 .text.HAL_MspInit
                0x00000000080019a4       0x50 ./Core/Src/stm32f4xx_hal_msp.o
                0x00000000080019a4                HAL_MspInit
 .text.HAL_ADC_MspInit
                0x00000000080019f4       0xec ./Core/Src/stm32f4xx_hal_msp.o
                0x00000000080019f4                HAL_ADC_MspInit
 .text.HAL_TIM_OC_MspInit
                0x0000000008001ae0       0x44 ./Core/Src/stm32f4xx_hal_msp.o
                0x0000000008001ae0                HAL_TIM_OC_MspInit
 .text.HAL_TIM_Base_MspInit
                0x0000000008001b24       0x44 ./Core/Src/stm32f4xx_hal_msp.o
                0x0000000008001b24                HAL_TIM_Base_MspInit
 .text.HAL_UART_MspInit
                0x0000000008001b68      0x100 ./Core/Src/stm32f4xx_hal_msp.o
                0x0000000008001b68                HAL_UART_MspInit
 .text.NMI_Handler
                0x0000000008001c68        0x6 ./Core/Src/stm32f4xx_it.o
                0x0000000008001c68                NMI_Handler
 .text.HardFault_Handler
                0x0000000008001c6e        0x6 ./Core/Src/stm32f4xx_it.o
                0x0000000008001c6e                HardFault_Handler
 .text.MemManage_Handler
                0x0000000008001c74        0x6 ./Core/Src/stm32f4xx_it.o
                0x0000000008001c74                MemManage_Handler
 .text.BusFault_Handler
                0x0000000008001c7a        0x6 ./Core/Src/stm32f4xx_it.o
                0x0000000008001c7a                BusFault_Handler
 .text.UsageFault_Handler
                0x0000000008001c80        0x6 ./Core/Src/stm32f4xx_it.o
                0x0000000008001c80                UsageFault_Handler
 .text.SVC_Handler
                0x0000000008001c86        0xe ./Core/Src/stm32f4xx_it.o
                0x0000000008001c86                SVC_Handler
 .text.DebugMon_Handler
                0x0000000008001c94        0xe ./Core/Src/stm32f4xx_it.o
                0x0000000008001c94                DebugMon_Handler
 .text.PendSV_Handler
                0x0000000008001ca2        0xe ./Core/Src/stm32f4xx_it.o
                0x0000000008001ca2                PendSV_Handler
 .text.SysTick_Handler
                0x0000000008001cb0        0xc ./Core/Src/stm32f4xx_it.o
                0x0000000008001cb0                SysTick_Handler
 .text.DMA2_Stream0_IRQHandler
                0x0000000008001cbc       0x14 ./Core/Src/stm32f4xx_it.o
                0x0000000008001cbc                DMA2_Stream0_IRQHandler
 .text.SystemInit
                0x0000000008001cd0       0x24 ./Core/Src/system_stm32f4xx.o
                0x0000000008001cd0                SystemInit
 .text.Reset_Handler
                0x0000000008001cf4       0x50 ./Core/Startup/startup_stm32f405rgtx.o
                0x0000000008001cf4                Reset_Handler
 .text.Default_Handler
                0x0000000008001d44        0x2 ./Core/Startup/startup_stm32f405rgtx.o
                0x0000000008001d44                RTC_Alarm_IRQHandler
                0x0000000008001d44                HASH_RNG_IRQHandler
                0x0000000008001d44                EXTI2_IRQHandler
                0x0000000008001d44                TIM8_CC_IRQHandler
                0x0000000008001d44                TIM1_CC_IRQHandler
                0x0000000008001d44                DMA2_Stream5_IRQHandler
                0x0000000008001d44                DMA1_Stream5_IRQHandler
                0x0000000008001d44                PVD_IRQHandler
                0x0000000008001d44                SDIO_IRQHandler
                0x0000000008001d44                TAMP_STAMP_IRQHandler
                0x0000000008001d44                CAN2_RX1_IRQHandler
                0x0000000008001d44                EXTI3_IRQHandler
                0x0000000008001d44                TIM8_TRG_COM_TIM14_IRQHandler
                0x0000000008001d44                TIM1_UP_TIM10_IRQHandler
                0x0000000008001d44                TIM8_UP_TIM13_IRQHandler
                0x0000000008001d44                I2C3_ER_IRQHandler
                0x0000000008001d44                EXTI0_IRQHandler
                0x0000000008001d44                I2C2_EV_IRQHandler
                0x0000000008001d44                DMA1_Stream2_IRQHandler
                0x0000000008001d44                CAN1_RX0_IRQHandler
                0x0000000008001d44                FPU_IRQHandler
                0x0000000008001d44                OTG_HS_WKUP_IRQHandler
                0x0000000008001d44                CAN2_SCE_IRQHandler
                0x0000000008001d44                DMA2_Stream2_IRQHandler
                0x0000000008001d44                SPI1_IRQHandler
                0x0000000008001d44                TIM1_BRK_TIM9_IRQHandler
                0x0000000008001d44                CAN2_RX0_IRQHandler
                0x0000000008001d44                DMA2_Stream3_IRQHandler
                0x0000000008001d44                USART6_IRQHandler
                0x0000000008001d44                USART3_IRQHandler
                0x0000000008001d44                CAN1_RX1_IRQHandler
                0x0000000008001d44                UART5_IRQHandler
                0x0000000008001d44                TIM4_IRQHandler
                0x0000000008001d44                I2C1_EV_IRQHandler
                0x0000000008001d44                DMA1_Stream6_IRQHandler
                0x0000000008001d44                DMA1_Stream1_IRQHandler
                0x0000000008001d44                UART4_IRQHandler
                0x0000000008001d44                TIM3_IRQHandler
                0x0000000008001d44                RCC_IRQHandler
                0x0000000008001d44                TIM8_BRK_TIM12_IRQHandler
                0x0000000008001d44                Default_Handler
                0x0000000008001d44                EXTI15_10_IRQHandler
                0x0000000008001d44                ADC_IRQHandler
                0x0000000008001d44                DMA1_Stream7_IRQHandler
                0x0000000008001d44                TIM7_IRQHandler
                0x0000000008001d44                CAN2_TX_IRQHandler
                0x0000000008001d44                TIM5_IRQHandler
                0x0000000008001d44                DMA2_Stream7_IRQHandler
                0x0000000008001d44                I2C3_EV_IRQHandler
                0x0000000008001d44                EXTI9_5_IRQHandler
                0x0000000008001d44                RTC_WKUP_IRQHandler
                0x0000000008001d44                SPI2_IRQHandler
                0x0000000008001d44                OTG_HS_EP1_IN_IRQHandler
                0x0000000008001d44                DMA1_Stream0_IRQHandler
                0x0000000008001d44                CAN1_TX_IRQHandler
                0x0000000008001d44                EXTI4_IRQHandler
                0x0000000008001d44                FSMC_IRQHandler
                0x0000000008001d44                OTG_HS_EP1_OUT_IRQHandler
                0x0000000008001d44                WWDG_IRQHandler
                0x0000000008001d44                TIM2_IRQHandler
                0x0000000008001d44                OTG_FS_WKUP_IRQHandler
                0x0000000008001d44                TIM1_TRG_COM_TIM11_IRQHandler
                0x0000000008001d44                OTG_HS_IRQHandler
                0x0000000008001d44                EXTI1_IRQHandler
                0x0000000008001d44                USART2_IRQHandler
                0x0000000008001d44                I2C2_ER_IRQHandler
                0x0000000008001d44                DMA2_Stream1_IRQHandler
                0x0000000008001d44                CAN1_SCE_IRQHandler
                0x0000000008001d44                FLASH_IRQHandler
                0x0000000008001d44                DMA2_Stream4_IRQHandler
                0x0000000008001d44                USART1_IRQHandler
                0x0000000008001d44                OTG_FS_IRQHandler
                0x0000000008001d44                SPI3_IRQHandler
                0x0000000008001d44                DMA1_Stream4_IRQHandler
                0x0000000008001d44                I2C1_ER_IRQHandler
                0x0000000008001d44                DMA2_Stream6_IRQHandler
                0x0000000008001d44                DMA1_Stream3_IRQHandler
 *fill*         0x0000000008001d46        0x2 
 .text.HAL_Init
                0x0000000008001d48       0x44 ./Drivers/STM32F4xx_HAL_Driver/Src/stm32f4xx_hal.o
                0x0000000008001d48                HAL_Init
 .text.HAL_InitTick
                0x0000000008001d8c       0x60 ./Drivers/STM32F4xx_HAL_Driver/Src/stm32f4xx_hal.o
                0x0000000008001d8c                HAL_InitTick
 .text.HAL_IncTick
                0x0000000008001dec       0x28 ./Drivers/STM32F4xx_HAL_Driver/Src/stm32f4xx_hal.o
                0x0000000008001dec                HAL_IncTick
 .text.HAL_GetTick
                0x0000000008001e14       0x18 ./Drivers/STM32F4xx_HAL_Driver/Src/stm32f4xx_hal.o
                0x0000000008001e14                HAL_GetTick
 .text.HAL_Delay
                0x0000000008001e2c       0x48 ./Drivers/STM32F4xx_HAL_Driver/Src/stm32f4xx_hal.o
                0x0000000008001e2c                HAL_Delay
 .text.HAL_ADC_Init
                0x0000000008001e74       0x86 ./Drivers/STM32F4xx_HAL_Driver/Src/stm32f4xx_hal_adc.o
                0x0000000008001e74                HAL_ADC_Init
 *fill*         0x0000000008001efa        0x2 
 .text.HAL_ADC_Start_DMA
                0x0000000008001efc      0x220 ./Drivers/STM32F4xx_HAL_Driver/Src/stm32f4xx_hal_adc.o
                0x0000000008001efc                HAL_ADC_Start_DMA
 .text.HAL_ADC_ConvCpltCallback
                0x000000000800211c       0x14 ./Drivers/STM32F4xx_HAL_Driver/Src/stm32f4xx_hal_adc.o
                0x000000000800211c                HAL_ADC_ConvCpltCallback
 .text.HAL_ADC_ConvHalfCpltCallback
                0x0000000008002130       0x14 ./Drivers/STM32F4xx_HAL_Driver/Src/stm32f4xx_hal_adc.o
                0x0000000008002130                HAL_ADC_ConvHalfCpltCallback
 .text.HAL_ADC_ErrorCallback
                0x0000000008002144       0x14 ./Drivers/STM32F4xx_HAL_Driver/Src/stm32f4xx_hal_adc.o
                0x0000000008002144                HAL_ADC_ErrorCallback
 .text.HAL_ADC_ConfigChannel
                0x0000000008002158      0x244 ./Drivers/STM32F4xx_HAL_Driver/Src/stm32f4xx_hal_adc.o
                0x0000000008002158                HAL_ADC_ConfigChannel
 .text.ADC_Init
                0x000000000800239c      0x1f8 ./Drivers/STM32F4xx_HAL_Driver/Src/stm32f4xx_hal_adc.o
 .text.ADC_DMAConvCplt
                0x0000000008002594       0xba ./Drivers/STM32F4xx_HAL_Driver/Src/stm32f4xx_hal_adc.o
 .text.ADC_DMAHalfConvCplt
                0x000000000800264e       0x1c ./Drivers/STM32F4xx_HAL_Driver/Src/stm32f4xx_hal_adc.o
 .text.ADC_DMAError
                0x000000000800266a       0x2e ./Drivers/STM32F4xx_HAL_Driver/Src/stm32f4xx_hal_adc.o
 .text.__NVIC_SetPriorityGrouping
                0x0000000008002698       0x48 ./Drivers/STM32F4xx_HAL_Driver/Src/stm32f4xx_hal_cortex.o
 .text.__NVIC_GetPriorityGrouping
                0x00000000080026e0       0x1c ./Drivers/STM32F4xx_HAL_Driver/Src/stm32f4xx_hal_cortex.o
 .text.__NVIC_EnableIRQ
                0x00000000080026fc       0x3c ./Drivers/STM32F4xx_HAL_Driver/Src/stm32f4xx_hal_cortex.o
 .text.__NVIC_SetPriority
                0x0000000008002738       0x54 ./Drivers/STM32F4xx_HAL_Driver/Src/stm32f4xx_hal_cortex.o
 .text.NVIC_EncodePriority
                0x000000000800278c       0x66 ./Drivers/STM32F4xx_HAL_Driver/Src/stm32f4xx_hal_cortex.o
 *fill*         0x00000000080027f2        0x2 
 .text.SysTick_Config
                0x00000000080027f4       0x44 ./Drivers/STM32F4xx_HAL_Driver/Src/stm32f4xx_hal_cortex.o
 .text.HAL_NVIC_SetPriorityGrouping
                0x0000000008002838       0x16 ./Drivers/STM32F4xx_HAL_Driver/Src/stm32f4xx_hal_cortex.o
                0x0000000008002838                HAL_NVIC_SetPriorityGrouping
 .text.HAL_NVIC_SetPriority
                0x000000000800284e       0x38 ./Drivers/STM32F4xx_HAL_Driver/Src/stm32f4xx_hal_cortex.o
                0x000000000800284e                HAL_NVIC_SetPriority
 .text.HAL_NVIC_EnableIRQ
                0x0000000008002886       0x1c ./Drivers/STM32F4xx_HAL_Driver/Src/stm32f4xx_hal_cortex.o
                0x0000000008002886                HAL_NVIC_EnableIRQ
 .text.HAL_SYSTICK_Config
                0x00000000080028a2       0x18 ./Drivers/STM32F4xx_HAL_Driver/Src/stm32f4xx_hal_cortex.o
                0x00000000080028a2                HAL_SYSTICK_Config
 *fill*         0x00000000080028ba        0x2 
 .text.HAL_DMA_Init
                0x00000000080028bc      0x15c ./Drivers/STM32F4xx_HAL_Driver/Src/stm32f4xx_hal_dma.o
                0x00000000080028bc                HAL_DMA_Init
 .text.HAL_DMA_Start_IT
                0x0000000008002a18       0xb0 ./Drivers/STM32F4xx_HAL_Driver/Src/stm32f4xx_hal_dma.o
                0x0000000008002a18                HAL_DMA_Start_IT
 .text.HAL_DMA_IRQHandler
                0x0000000008002ac8      0x314 ./Drivers/STM32F4xx_HAL_Driver/Src/stm32f4xx_hal_dma.o
                0x0000000008002ac8                HAL_DMA_IRQHandler
 .text.DMA_SetConfig
                0x0000000008002ddc       0x5c ./Drivers/STM32F4xx_HAL_Driver/Src/stm32f4xx_hal_dma.o
 .text.DMA_CalcBaseAndBitshift
                0x0000000008002e38       0x6c ./Drivers/STM32F4xx_HAL_Driver/Src/stm32f4xx_hal_dma.o
 .text.DMA_CheckFifoParam
                0x0000000008002ea4       0xf8 ./Drivers/STM32F4xx_HAL_Driver/Src/stm32f4xx_hal_dma.o
 .text.HAL_GPIO_Init
                0x0000000008002f9c      0x338 ./Drivers/STM32F4xx_HAL_Driver/Src/stm32f4xx_hal_gpio.o
                0x0000000008002f9c                HAL_GPIO_Init
 .text.HAL_GPIO_WritePin
                0x00000000080032d4       0x32 ./Drivers/STM32F4xx_HAL_Driver/Src/stm32f4xx_hal_gpio.o
                0x00000000080032d4                HAL_GPIO_WritePin
 *fill*         0x0000000008003306        0x2 
 .text.HAL_RCC_OscConfig
                0x0000000008003308      0x4f0 ./Drivers/STM32F4xx_HAL_Driver/Src/stm32f4xx_hal_rcc.o
                0x0000000008003308                HAL_RCC_OscConfig
 .text.HAL_RCC_ClockConfig
                0x00000000080037f8      0x1cc ./Drivers/STM32F4xx_HAL_Driver/Src/stm32f4xx_hal_rcc.o
                0x00000000080037f8                HAL_RCC_ClockConfig
 .text.HAL_RCC_GetSysClockFreq
                0x00000000080039c4      0x18c ./Drivers/STM32F4xx_HAL_Driver/Src/stm32f4xx_hal_rcc.o
                0x00000000080039c4                HAL_RCC_GetSysClockFreq
 .text.HAL_RCC_GetHCLKFreq
                0x0000000008003b50       0x18 ./Drivers/STM32F4xx_HAL_Driver/Src/stm32f4xx_hal_rcc.o
                0x0000000008003b50                HAL_RCC_GetHCLKFreq
 .text.HAL_RCC_GetPCLK1Freq
                0x0000000008003b68       0x28 ./Drivers/STM32F4xx_HAL_Driver/Src/stm32f4xx_hal_rcc.o
                0x0000000008003b68                HAL_RCC_GetPCLK1Freq
 .text.HAL_RCC_GetPCLK2Freq
                0x0000000008003b90       0x28 ./Drivers/STM32F4xx_HAL_Driver/Src/stm32f4xx_hal_rcc.o
                0x0000000008003b90                HAL_RCC_GetPCLK2Freq
 .text.HAL_TIM_Base_Init
                0x0000000008003bb8       0x9e ./Drivers/STM32F4xx_HAL_Driver/Src/stm32f4xx_hal_tim.o
                0x0000000008003bb8                HAL_TIM_Base_Init
 *fill*         0x0000000008003c56        0x2 
 .text.HAL_TIM_Base_Start
                0x0000000008003c58       0xd0 ./Drivers/STM32F4xx_HAL_Driver/Src/stm32f4xx_hal_tim.o
                0x0000000008003c58                HAL_TIM_Base_Start
 .text.HAL_TIM_OC_Init
                0x0000000008003d28       0x9e ./Drivers/STM32F4xx_HAL_Driver/Src/stm32f4xx_hal_tim.o
                0x0000000008003d28                HAL_TIM_OC_Init
 .text.HAL_TIM_OnePulse_Init
                0x0000000008003dc6       0xa0 ./Drivers/STM32F4xx_HAL_Driver/Src/stm32f4xx_hal_tim.o
                0x0000000008003dc6                HAL_TIM_OnePulse_Init
 .text.HAL_TIM_OnePulse_MspInit
                0x0000000008003e66       0x14 ./Drivers/STM32F4xx_HAL_Driver/Src/stm32f4xx_hal_tim.o
                0x0000000008003e66                HAL_TIM_OnePulse_MspInit
 *fill*         0x0000000008003e7a        0x2 
 .text.HAL_TIM_OC_ConfigChannel
                0x0000000008003e7c       0xb8 ./Drivers/STM32F4xx_HAL_Driver/Src/stm32f4xx_hal_tim.o
                0x0000000008003e7c                HAL_TIM_OC_ConfigChannel
 .text.TIM_Base_SetConfig
                0x0000000008003f34      0x140 ./Drivers/STM32F4xx_HAL_Driver/Src/stm32f4xx_hal_tim.o
                0x0000000008003f34                TIM_Base_SetConfig
 .text.TIM_OC1_SetConfig
                0x0000000008004074       0xe0 ./Drivers/STM32F4xx_HAL_Driver/Src/stm32f4xx_hal_tim.o
 .text.TIM_OC2_SetConfig
                0x0000000008004154       0xec ./Drivers/STM32F4xx_HAL_Driver/Src/stm32f4xx_hal_tim.o
                0x0000000008004154                TIM_OC2_SetConfig
 .text.TIM_OC3_SetConfig
                0x0000000008004240       0xe8 ./Drivers/STM32F4xx_HAL_Driver/Src/stm32f4xx_hal_tim.o
 .text.TIM_OC4_SetConfig
                0x0000000008004328       0xac ./Drivers/STM32F4xx_HAL_Driver/Src/stm32f4xx_hal_tim.o
 .text.HAL_TIMEx_MasterConfigSynchronization
                0x00000000080043d4       0xf8 ./Drivers/STM32F4xx_HAL_Driver/Src/stm32f4xx_hal_tim_ex.o
                0x00000000080043d4                HAL_TIMEx_MasterConfigSynchronization
 .text.HAL_UART_Init
                0x00000000080044cc       0x9a ./Drivers/STM32F4xx_HAL_Driver/Src/stm32f4xx_hal_uart.o
                0x00000000080044cc                HAL_UART_Init
 .text.HAL_UART_Receive_DMA
                0x0000000008004566       0x60 ./Drivers/STM32F4xx_HAL_Driver/Src/stm32f4xx_hal_uart.o
                0x0000000008004566                HAL_UART_Receive_DMA
 .text.HAL_UART_RxHalfCpltCallback
                0x00000000080045c6       0x14 ./Drivers/STM32F4xx_HAL_Driver/Src/stm32f4xx_hal_uart.o
                0x00000000080045c6                HAL_UART_RxHalfCpltCallback
 .text.HAL_UARTEx_RxEventCallback
                0x00000000080045da       0x18 ./Drivers/STM32F4xx_HAL_Driver/Src/stm32f4xx_hal_uart.o
                0x00000000080045da                HAL_UARTEx_RxEventCallback
 .text.UART_DMAReceiveCplt
                0x00000000080045f2      0x126 ./Drivers/STM32F4xx_HAL_Driver/Src/stm32f4xx_hal_uart.o
 .text.UART_DMARxHalfCplt
                0x0000000008004718       0x36 ./Drivers/STM32F4xx_HAL_Driver/Src/stm32f4xx_hal_uart.o
 .text.UART_DMAError
                0x000000000800474e       0x94 ./Drivers/STM32F4xx_HAL_Driver/Src/stm32f4xx_hal_uart.o
 *fill*         0x00000000080047e2        0x2 
 .text.UART_Start_Receive_DMA
                0x00000000080047e4      0x13c ./Drivers/STM32F4xx_HAL_Driver/Src/stm32f4xx_hal_uart.o
                0x00000000080047e4                UART_Start_Receive_DMA
 .text.UART_EndTxTransfer
                0x0000000008004920       0x50 ./Drivers/STM32F4xx_HAL_Driver/Src/stm32f4xx_hal_uart.o
 .text.UART_EndRxTransfer
                0x0000000008004970       0xc6 ./Drivers/STM32F4xx_HAL_Driver/Src/stm32f4xx_hal_uart.o
 *fill*         0x0000000008004a36        0x2 
 .text.UART_SetConfig
                0x0000000008004a38      0x4e8 ./Drivers/STM32F4xx_HAL_Driver/Src/stm32f4xx_hal_uart.o
 .text.abs      0x0000000008004f20        0x8 c:/st/stm32cubeide_1.12.0/stm32cubeide/plugins/com.st.stm32cube.ide.mcu.externaltools.gnu-tools-for-stm32.10.3-2021.10.win32_1.0.200.202301161003/tools/bin/../lib/gcc/arm-none-eabi/10.3.1/../../../../arm-none-eabi/lib/thumb/v7e-m+fp/hard\libc_nano.a(lib_a-abs.o)
                0x0000000008004f20                abs
 .text.__errno  0x0000000008004f28        0xc c:/st/stm32cubeide_1.12.0/stm32cubeide/plugins/com.st.stm32cube.ide.mcu.externaltools.gnu-tools-for-stm32.10.3-2021.10.win32_1.0.200.202301161003/tools/bin/../lib/gcc/arm-none-eabi/10.3.1/../../../../arm-none-eabi/lib/thumb/v7e-m+fp/hard\libc_nano.a(lib_a-errno.o)
                0x0000000008004f28                __errno
 .text.__libc_init_array
                0x0000000008004f34       0x48 c:/st/stm32cubeide_1.12.0/stm32cubeide/plugins/com.st.stm32cube.ide.mcu.externaltools.gnu-tools-for-stm32.10.3-2021.10.win32_1.0.200.202301161003/tools/bin/../lib/gcc/arm-none-eabi/10.3.1/../../../../arm-none-eabi/lib/thumb/v7e-m+fp/hard\libc_nano.a(lib_a-init.o)
                0x0000000008004f34                __libc_init_array
 .text.memset   0x0000000008004f7c       0x10 c:/st/stm32cubeide_1.12.0/stm32cubeide/plugins/com.st.stm32cube.ide.mcu.externaltools.gnu-tools-for-stm32.10.3-2021.10.win32_1.0.200.202301161003/tools/bin/../lib/gcc/arm-none-eabi/10.3.1/../../../../arm-none-eabi/lib/thumb/v7e-m+fp/hard\libc_nano.a(lib_a-memset.o)
                0x0000000008004f7c                memset
 .text.sqrt     0x0000000008004f8c       0x58 c:/st/stm32cubeide_1.12.0/stm32cubeide/plugins/com.st.stm32cube.ide.mcu.externaltools.gnu-tools-for-stm32.10.3-2021.10.win32_1.0.200.202301161003/tools/bin/../lib/gcc/arm-none-eabi/10.3.1/../../../../arm-none-eabi/lib/thumb/v7e-m+fp/hard\libm.a(lib_a-w_sqrt.o)
                0x0000000008004f8c                sqrt
 .text.__ieee754_sqrt
                0x0000000008004fe4      0x164 c:/st/stm32cubeide_1.12.0/stm32cubeide/plugins/com.st.stm32cube.ide.mcu.externaltools.gnu-tools-for-stm32.10.3-2021.10.win32_1.0.200.202301161003/tools/bin/../lib/gcc/arm-none-eabi/10.3.1/../../../../arm-none-eabi/lib/thumb/v7e-m+fp/hard\libm.a(lib_a-e_sqrt.o)
                0x0000000008004fe4                __ieee754_sqrt
 *(.glue_7)
 .glue_7        0x0000000008005148        0x0 linker stubs
 *(.glue_7t)
 .glue_7t       0x0000000008005148        0x0 linker stubs
 *(.eh_frame)
 .eh_frame      0x0000000008005148        0x0 c:/st/stm32cubeide_1.12.0/stm32cubeide/plugins/com.st.stm32cube.ide.mcu.externaltools.gnu-tools-for-stm32.10.3-2021.10.win32_1.0.200.202301161003/tools/bin/../lib/gcc/arm-none-eabi/10.3.1/thumb/v7e-m+fp/hard/crtbegin.o
 *(.init)
 .init          0x0000000008005148        0x4 c:/st/stm32cubeide_1.12.0/stm32cubeide/plugins/com.st.stm32cube.ide.mcu.externaltools.gnu-tools-for-stm32.10.3-2021.10.win32_1.0.200.202301161003/tools/bin/../lib/gcc/arm-none-eabi/10.3.1/thumb/v7e-m+fp/hard/crti.o
                0x0000000008005148                _init
 .init          0x000000000800514c        0x8 c:/st/stm32cubeide_1.12.0/stm32cubeide/plugins/com.st.stm32cube.ide.mcu.externaltools.gnu-tools-for-stm32.10.3-2021.10.win32_1.0.200.202301161003/tools/bin/../lib/gcc/arm-none-eabi/10.3.1/thumb/v7e-m+fp/hard/crtn.o
 *(.fini)
 .fini          0x0000000008005154        0x4 c:/st/stm32cubeide_1.12.0/stm32cubeide/plugins/com.st.stm32cube.ide.mcu.externaltools.gnu-tools-for-stm32.10.3-2021.10.win32_1.0.200.202301161003/tools/bin/../lib/gcc/arm-none-eabi/10.3.1/thumb/v7e-m+fp/hard/crti.o
                0x0000000008005154                _fini
 .fini          0x0000000008005158        0x8 c:/st/stm32cubeide_1.12.0/stm32cubeide/plugins/com.st.stm32cube.ide.mcu.externaltools.gnu-tools-for-stm32.10.3-2021.10.win32_1.0.200.202301161003/tools/bin/../lib/gcc/arm-none-eabi/10.3.1/thumb/v7e-m+fp/hard/crtn.o
                0x0000000008005160                . = ALIGN (0x4)
                0x0000000008005160                _etext = .

.vfp11_veneer   0x0000000008005160        0x0
 .vfp11_veneer  0x0000000008005160        0x0 linker stubs

.v4_bx          0x0000000008005160        0x0
 .v4_bx         0x0000000008005160        0x0 linker stubs

.iplt           0x0000000008005160        0x0
 .iplt          0x0000000008005160        0x0 c:/st/stm32cubeide_1.12.0/stm32cubeide/plugins/com.st.stm32cube.ide.mcu.externaltools.gnu-tools-for-stm32.10.3-2021.10.win32_1.0.200.202301161003/tools/bin/../lib/gcc/arm-none-eabi/10.3.1/thumb/v7e-m+fp/hard/crtbegin.o

.rodata         0x0000000008005160       0x20
                0x0000000008005160                . = ALIGN (0x4)
 *(.rodata)
 *(.rodata*)
 .rodata.AHBPrescTable
                0x0000000008005160       0x10 ./Core/Src/system_stm32f4xx.o
                0x0000000008005160                AHBPrescTable
 .rodata.APBPrescTable
                0x0000000008005170        0x8 ./Core/Src/system_stm32f4xx.o
                0x0000000008005170                APBPrescTable
 .rodata.flagBitshiftOffset.0
                0x0000000008005178        0x8 ./Drivers/STM32F4xx_HAL_Driver/Src/stm32f4xx_hal_dma.o
                0x0000000008005180                . = ALIGN (0x4)

.ARM.extab      0x0000000008005180        0x0
                0x0000000008005180                . = ALIGN (0x4)
 *(.ARM.extab* .gnu.linkonce.armextab.*)
                0x0000000008005180                . = ALIGN (0x4)

.ARM            0x0000000008005180        0x8
                0x0000000008005180                . = ALIGN (0x4)
                0x0000000008005180                __exidx_start = .
 *(.ARM.exidx*)
 .ARM.exidx     0x0000000008005180        0x8 c:/st/stm32cubeide_1.12.0/stm32cubeide/plugins/com.st.stm32cube.ide.mcu.externaltools.gnu-tools-for-stm32.10.3-2021.10.win32_1.0.200.202301161003/tools/bin/../lib/gcc/arm-none-eabi/10.3.1/thumb/v7e-m+fp/hard\libgcc.a(_udivmoddi4.o)
                0x0000000008005188                __exidx_end = .
                0x0000000008005188                . = ALIGN (0x4)

.rel.dyn        0x0000000008005188        0x0
 .rel.iplt      0x0000000008005188        0x0 c:/st/stm32cubeide_1.12.0/stm32cubeide/plugins/com.st.stm32cube.ide.mcu.externaltools.gnu-tools-for-stm32.10.3-2021.10.win32_1.0.200.202301161003/tools/bin/../lib/gcc/arm-none-eabi/10.3.1/thumb/v7e-m+fp/hard/crtbegin.o

.preinit_array  0x0000000008005188        0x0
                0x0000000008005188                . = ALIGN (0x4)
                0x0000000008005188                PROVIDE (__preinit_array_start = .)
 *(.preinit_array*)
                0x0000000008005188                PROVIDE (__preinit_array_end = .)
                0x0000000008005188                . = ALIGN (0x4)

.init_array     0x0000000008005188        0x4
                0x0000000008005188                . = ALIGN (0x4)
                0x0000000008005188                PROVIDE (__init_array_start = .)
 *(SORT_BY_NAME(.init_array.*))
 *(.init_array*)
 .init_array    0x0000000008005188        0x4 c:/st/stm32cubeide_1.12.0/stm32cubeide/plugins/com.st.stm32cube.ide.mcu.externaltools.gnu-tools-for-stm32.10.3-2021.10.win32_1.0.200.202301161003/tools/bin/../lib/gcc/arm-none-eabi/10.3.1/thumb/v7e-m+fp/hard/crtbegin.o
                0x000000000800518c                PROVIDE (__init_array_end = .)
                0x000000000800518c                . = ALIGN (0x4)

.fini_array     0x000000000800518c        0x4
                0x000000000800518c                . = ALIGN (0x4)
                [!provide]                        PROVIDE (__fini_array_start = .)
 *(SORT_BY_NAME(.fini_array.*))
 *(.fini_array*)
 .fini_array    0x000000000800518c        0x4 c:/st/stm32cubeide_1.12.0/stm32cubeide/plugins/com.st.stm32cube.ide.mcu.externaltools.gnu-tools-for-stm32.10.3-2021.10.win32_1.0.200.202301161003/tools/bin/../lib/gcc/arm-none-eabi/10.3.1/thumb/v7e-m+fp/hard/crtbegin.o
                [!provide]                        PROVIDE (__fini_array_end = .)
                0x0000000008005190                . = ALIGN (0x4)
                0x0000000008005190                _sidata = LOADADDR (.data)

.data           0x0000000020000000       0x8c load address 0x0000000008005190
                0x0000000020000000                . = ALIGN (0x4)
                0x0000000020000000                _sdata = .
 *(.data)
 *(.data*)
 .data.dataForPort
                0x0000000020000000       0x10 ./Core/Src/Display/LCD1602.o
 .data.MyAddress
                0x0000000020000010        0x1 ./Core/Src/Modbus/modbus.o
 *fill*         0x0000000020000011        0x3 
 .data.adr      0x0000000020000014        0x6 ./Core/Src/global.o
                0x0000000020000014                adr
 *fill*         0x000000002000001a        0x2 
 .data.SystemCoreClock
                0x000000002000001c        0x4 ./Core/Src/system_stm32f4xx.o
                0x000000002000001c                SystemCoreClock
 .data.uwTickPrio
                0x0000000020000020        0x4 ./Drivers/STM32F4xx_HAL_Driver/Src/stm32f4xx_hal.o
                0x0000000020000020                uwTickPrio
 .data.uwTickFreq
                0x0000000020000024        0x1 ./Drivers/STM32F4xx_HAL_Driver/Src/stm32f4xx_hal.o
                0x0000000020000024                uwTickFreq
 *fill*         0x0000000020000025        0x3 
 .data._impure_ptr
                0x0000000020000028        0x4 c:/st/stm32cubeide_1.12.0/stm32cubeide/plugins/com.st.stm32cube.ide.mcu.externaltools.gnu-tools-for-stm32.10.3-2021.10.win32_1.0.200.202301161003/tools/bin/../lib/gcc/arm-none-eabi/10.3.1/../../../../arm-none-eabi/lib/thumb/v7e-m+fp/hard\libc_nano.a(lib_a-impure.o)
                0x0000000020000028                _impure_ptr
 .data.impure_data
                0x000000002000002c       0x60 c:/st/stm32cubeide_1.12.0/stm32cubeide/plugins/com.st.stm32cube.ide.mcu.externaltools.gnu-tools-for-stm32.10.3-2021.10.win32_1.0.200.202301161003/tools/bin/../lib/gcc/arm-none-eabi/10.3.1/../../../../arm-none-eabi/lib/thumb/v7e-m+fp/hard\libc_nano.a(lib_a-impure.o)
 *(.RamFunc)
 *(.RamFunc*)
                0x000000002000008c                . = ALIGN (0x4)
                0x000000002000008c                _edata = .
                0x000000000800521c                _siccmram = LOADADDR (.ccmram)

.igot.plt       0x000000002000008c        0x0 load address 0x000000000800521c
 .igot.plt      0x000000002000008c        0x0 c:/st/stm32cubeide_1.12.0/stm32cubeide/plugins/com.st.stm32cube.ide.mcu.externaltools.gnu-tools-for-stm32.10.3-2021.10.win32_1.0.200.202301161003/tools/bin/../lib/gcc/arm-none-eabi/10.3.1/thumb/v7e-m+fp/hard/crtbegin.o

.ccmram         0x0000000010000000        0x0 load address 0x000000000800521c
                0x0000000010000000                . = ALIGN (0x4)
                0x0000000010000000                _sccmram = .
 *(.ccmram)
 *(.ccmram*)
                0x0000000010000000                . = ALIGN (0x4)
                0x0000000010000000                _eccmram = .
                0x0000000010000000                . = ALIGN (0x4)

.bss            0x000000002000008c      0x510
                0x000000002000008c                _sbss = .
                0x000000002000008c                __bss_start__ = _sbss
 *(.bss)
 .bss           0x000000002000008c       0x1c c:/st/stm32cubeide_1.12.0/stm32cubeide/plugins/com.st.stm32cube.ide.mcu.externaltools.gnu-tools-for-stm32.10.3-2021.10.win32_1.0.200.202301161003/tools/bin/../lib/gcc/arm-none-eabi/10.3.1/thumb/v7e-m+fp/hard/crtbegin.o
 *(.bss*)
 .bss.BusState  0x00000000200000a8        0x1 ./Core/Src/Modbus/modbus.o
 *fill*         0x00000000200000a9        0x3 
 .bss.temp_rx   0x00000000200000ac        0x1 ./Core/Src/Modbus/modbus.o
 *fill*         0x00000000200000ad        0x3 
 .bss.rx_buf    0x00000000200000b0       0x10 ./Core/Src/Modbus/modbus.o
 .bss.rx_ptr    0x00000000200000c0        0x1 ./Core/Src/Modbus/modbus.o
 *fill*         0x00000000200000c1        0x3 
 .bss.adc_data  0x00000000200000c4      0x300 ./Core/Src/VibroSens/vibro.o
 .bss.delayTime.0
                0x00000000200003c4        0x4 ./Core/Src/VibroSens/vibro.o
 .bss.X_Speed   0x00000000200003c8        0x4 ./Core/Src/global.o
                0x00000000200003c8                X_Speed
 .bss.Y_Speed   0x00000000200003cc        0x4 ./Core/Src/global.o
                0x00000000200003cc                Y_Speed
 .bss.Current_X_Speed
                0x00000000200003d0        0x4 ./Core/Src/global.o
                0x00000000200003d0                Current_X_Speed
 .bss.Current_Y_Speed
                0x00000000200003d4        0x4 ./Core/Src/global.o
                0x00000000200003d4                Current_Y_Speed
 .bss.hadc1     0x00000000200003d8       0x48 ./Core/Src/main.o
                0x00000000200003d8                hadc1
 .bss.hdma_adc1
                0x0000000020000420       0x60 ./Core/Src/main.o
                0x0000000020000420                hdma_adc1
 .bss.htim3     0x0000000020000480       0x48 ./Core/Src/main.o
                0x0000000020000480                htim3
 .bss.htim7     0x00000000200004c8       0x48 ./Core/Src/main.o
                0x00000000200004c8                htim7
 .bss.huart1    0x0000000020000510       0x44 ./Core/Src/main.o
                0x0000000020000510                huart1
 .bss.huart3    0x0000000020000554       0x44 ./Core/Src/main.o
                0x0000000020000554                huart3
 .bss.uwTick    0x0000000020000598        0x4 ./Drivers/STM32F4xx_HAL_Driver/Src/stm32f4xx_hal.o
                0x0000000020000598                uwTick
 *(COMMON)
                0x000000002000059c                . = ALIGN (0x4)
                0x000000002000059c                _ebss = .
                0x000000002000059c                __bss_end__ = _ebss

._user_heap_stack
                0x000000002000059c      0x604
                0x00000000200005a0                . = ALIGN (0x8)
 *fill*         0x000000002000059c        0x4 
                [!provide]                        PROVIDE (end = .)
                0x00000000200005a0                PROVIDE (_end = .)
                0x00000000200007a0                . = (. + _Min_Heap_Size)
 *fill*         0x00000000200005a0      0x200 
                0x0000000020000ba0                . = (. + _Min_Stack_Size)
 *fill*         0x00000000200007a0      0x400 
                0x0000000020000ba0                . = ALIGN (0x8)

/DISCARD/
 libc.a(*)
 libm.a(*)
 libgcc.a(*)

.ARM.attributes
                0x0000000000000000       0x30
 *(.ARM.attributes)
 .ARM.attributes
                0x0000000000000000       0x1e c:/st/stm32cubeide_1.12.0/stm32cubeide/plugins/com.st.stm32cube.ide.mcu.externaltools.gnu-tools-for-stm32.10.3-2021.10.win32_1.0.200.202301161003/tools/bin/../lib/gcc/arm-none-eabi/10.3.1/thumb/v7e-m+fp/hard/crti.o
 .ARM.attributes
                0x000000000000001e       0x34 c:/st/stm32cubeide_1.12.0/stm32cubeide/plugins/com.st.stm32cube.ide.mcu.externaltools.gnu-tools-for-stm32.10.3-2021.10.win32_1.0.200.202301161003/tools/bin/../lib/gcc/arm-none-eabi/10.3.1/thumb/v7e-m+fp/hard/crtbegin.o
 .ARM.attributes
                0x0000000000000052       0x34 ./Core/Src/Display/LCD1602.o
 .ARM.attributes
                0x0000000000000086       0x34 ./Core/Src/Modbus/modbus.o
 .ARM.attributes
                0x00000000000000ba       0x34 ./Core/Src/MoveControl/movecontrol.o
 .ARM.attributes
                0x00000000000000ee       0x34 ./Core/Src/Settings/Settings.o
 .ARM.attributes
                0x0000000000000122       0x34 ./Core/Src/VibroSens/vibro.o
 .ARM.attributes
                0x0000000000000156       0x34 ./Core/Src/global.o
 .ARM.attributes
                0x000000000000018a       0x34 ./Core/Src/main.o
 .ARM.attributes
                0x00000000000001be       0x34 ./Core/Src/stm32f4xx_hal_msp.o
 .ARM.attributes
                0x00000000000001f2       0x34 ./Core/Src/stm32f4xx_it.o
 .ARM.attributes
                0x0000000000000226       0x34 ./Core/Src/system_stm32f4xx.o
 .ARM.attributes
                0x000000000000025a       0x21 ./Core/Startup/startup_stm32f405rgtx.o
 .ARM.attributes
                0x000000000000027b       0x34 ./Drivers/STM32F4xx_HAL_Driver/Src/stm32f4xx_hal.o
 .ARM.attributes
                0x00000000000002af       0x34 ./Drivers/STM32F4xx_HAL_Driver/Src/stm32f4xx_hal_adc.o
 .ARM.attributes
                0x00000000000002e3       0x34 ./Drivers/STM32F4xx_HAL_Driver/Src/stm32f4xx_hal_cortex.o
 .ARM.attributes
                0x0000000000000317       0x34 ./Drivers/STM32F4xx_HAL_Driver/Src/stm32f4xx_hal_dma.o
 .ARM.attributes
                0x000000000000034b       0x34 ./Drivers/STM32F4xx_HAL_Driver/Src/stm32f4xx_hal_gpio.o
 .ARM.attributes
                0x000000000000037f       0x34 ./Drivers/STM32F4xx_HAL_Driver/Src/stm32f4xx_hal_rcc.o
 .ARM.attributes
                0x00000000000003b3       0x34 ./Drivers/STM32F4xx_HAL_Driver/Src/stm32f4xx_hal_tim.o
 .ARM.attributes
                0x00000000000003e7       0x34 ./Drivers/STM32F4xx_HAL_Driver/Src/stm32f4xx_hal_tim_ex.o
 .ARM.attributes
                0x000000000000041b       0x34 ./Drivers/STM32F4xx_HAL_Driver/Src/stm32f4xx_hal_uart.o
 .ARM.attributes
                0x000000000000044f       0x34 c:/st/stm32cubeide_1.12.0/stm32cubeide/plugins/com.st.stm32cube.ide.mcu.externaltools.gnu-tools-for-stm32.10.3-2021.10.win32_1.0.200.202301161003/tools/bin/../lib/gcc/arm-none-eabi/10.3.1/../../../../arm-none-eabi/lib/thumb/v7e-m+fp/hard\libc_nano.a(lib_a-abs.o)
 .ARM.attributes
                0x0000000000000483       0x34 c:/st/stm32cubeide_1.12.0/stm32cubeide/plugins/com.st.stm32cube.ide.mcu.externaltools.gnu-tools-for-stm32.10.3-2021.10.win32_1.0.200.202301161003/tools/bin/../lib/gcc/arm-none-eabi/10.3.1/../../../../arm-none-eabi/lib/thumb/v7e-m+fp/hard\libc_nano.a(lib_a-errno.o)
 .ARM.attributes
                0x00000000000004b7       0x34 c:/st/stm32cubeide_1.12.0/stm32cubeide/plugins/com.st.stm32cube.ide.mcu.externaltools.gnu-tools-for-stm32.10.3-2021.10.win32_1.0.200.202301161003/tools/bin/../lib/gcc/arm-none-eabi/10.3.1/../../../../arm-none-eabi/lib/thumb/v7e-m+fp/hard\libc_nano.a(lib_a-impure.o)
 .ARM.attributes
                0x00000000000004eb       0x34 c:/st/stm32cubeide_1.12.0/stm32cubeide/plugins/com.st.stm32cube.ide.mcu.externaltools.gnu-tools-for-stm32.10.3-2021.10.win32_1.0.200.202301161003/tools/bin/../lib/gcc/arm-none-eabi/10.3.1/../../../../arm-none-eabi/lib/thumb/v7e-m+fp/hard\libc_nano.a(lib_a-init.o)
 .ARM.attributes
                0x000000000000051f       0x34 c:/st/stm32cubeide_1.12.0/stm32cubeide/plugins/com.st.stm32cube.ide.mcu.externaltools.gnu-tools-for-stm32.10.3-2021.10.win32_1.0.200.202301161003/tools/bin/../lib/gcc/arm-none-eabi/10.3.1/../../../../arm-none-eabi/lib/thumb/v7e-m+fp/hard\libc_nano.a(lib_a-memset.o)
 .ARM.attributes
                0x0000000000000553       0x34 c:/st/stm32cubeide_1.12.0/stm32cubeide/plugins/com.st.stm32cube.ide.mcu.externaltools.gnu-tools-for-stm32.10.3-2021.10.win32_1.0.200.202301161003/tools/bin/../lib/gcc/arm-none-eabi/10.3.1/../../../../arm-none-eabi/lib/thumb/v7e-m+fp/hard\libm.a(lib_a-w_sqrt.o)
 .ARM.attributes
                0x0000000000000587       0x34 c:/st/stm32cubeide_1.12.0/stm32cubeide/plugins/com.st.stm32cube.ide.mcu.externaltools.gnu-tools-for-stm32.10.3-2021.10.win32_1.0.200.202301161003/tools/bin/../lib/gcc/arm-none-eabi/10.3.1/../../../../arm-none-eabi/lib/thumb/v7e-m+fp/hard\libm.a(lib_a-e_sqrt.o)
 .ARM.attributes
                0x00000000000005bb       0x1e c:/st/stm32cubeide_1.12.0/stm32cubeide/plugins/com.st.stm32cube.ide.mcu.externaltools.gnu-tools-for-stm32.10.3-2021.10.win32_1.0.200.202301161003/tools/bin/../lib/gcc/arm-none-eabi/10.3.1/thumb/v7e-m+fp/hard\libgcc.a(_arm_addsubdf3.o)
 .ARM.attributes
                0x00000000000005d9       0x1e c:/st/stm32cubeide_1.12.0/stm32cubeide/plugins/com.st.stm32cube.ide.mcu.externaltools.gnu-tools-for-stm32.10.3-2021.10.win32_1.0.200.202301161003/tools/bin/../lib/gcc/arm-none-eabi/10.3.1/thumb/v7e-m+fp/hard\libgcc.a(_arm_muldivdf3.o)
 .ARM.attributes
                0x00000000000005f7       0x1e c:/st/stm32cubeide_1.12.0/stm32cubeide/plugins/com.st.stm32cube.ide.mcu.externaltools.gnu-tools-for-stm32.10.3-2021.10.win32_1.0.200.202301161003/tools/bin/../lib/gcc/arm-none-eabi/10.3.1/thumb/v7e-m+fp/hard\libgcc.a(_arm_cmpdf2.o)
 .ARM.attributes
                0x0000000000000615       0x1e c:/st/stm32cubeide_1.12.0/stm32cubeide/plugins/com.st.stm32cube.ide.mcu.externaltools.gnu-tools-for-stm32.10.3-2021.10.win32_1.0.200.202301161003/tools/bin/../lib/gcc/arm-none-eabi/10.3.1/thumb/v7e-m+fp/hard\libgcc.a(_arm_unorddf2.o)
 .ARM.attributes
                0x0000000000000633       0x1e c:/st/stm32cubeide_1.12.0/stm32cubeide/plugins/com.st.stm32cube.ide.mcu.externaltools.gnu-tools-for-stm32.10.3-2021.10.win32_1.0.200.202301161003/tools/bin/../lib/gcc/arm-none-eabi/10.3.1/thumb/v7e-m+fp/hard\libgcc.a(_arm_truncdfsf2.o)
 .ARM.attributes
                0x0000000000000651       0x1e c:/st/stm32cubeide_1.12.0/stm32cubeide/plugins/com.st.stm32cube.ide.mcu.externaltools.gnu-tools-for-stm32.10.3-2021.10.win32_1.0.200.202301161003/tools/bin/../lib/gcc/arm-none-eabi/10.3.1/thumb/v7e-m+fp/hard\libgcc.a(_aeabi_uldivmod.o)
 .ARM.attributes
                0x000000000000066f       0x34 c:/st/stm32cubeide_1.12.0/stm32cubeide/plugins/com.st.stm32cube.ide.mcu.externaltools.gnu-tools-for-stm32.10.3-2021.10.win32_1.0.200.202301161003/tools/bin/../lib/gcc/arm-none-eabi/10.3.1/thumb/v7e-m+fp/hard\libgcc.a(_udivmoddi4.o)
 .ARM.attributes
                0x00000000000006a3       0x1e c:/st/stm32cubeide_1.12.0/stm32cubeide/plugins/com.st.stm32cube.ide.mcu.externaltools.gnu-tools-for-stm32.10.3-2021.10.win32_1.0.200.202301161003/tools/bin/../lib/gcc/arm-none-eabi/10.3.1/thumb/v7e-m+fp/hard\libgcc.a(_dvmd_tls.o)
 .ARM.attributes
                0x00000000000006c1       0x1e c:/st/stm32cubeide_1.12.0/stm32cubeide/plugins/com.st.stm32cube.ide.mcu.externaltools.gnu-tools-for-stm32.10.3-2021.10.win32_1.0.200.202301161003/tools/bin/../lib/gcc/arm-none-eabi/10.3.1/thumb/v7e-m+fp/hard/crtn.o
OUTPUT(F405.elf elf32-littlearm)
LOAD linker stubs
LOAD c:/st/stm32cubeide_1.12.0/stm32cubeide/plugins/com.st.stm32cube.ide.mcu.externaltools.gnu-tools-for-stm32.10.3-2021.10.win32_1.0.200.202301161003/tools/bin/../lib/gcc/arm-none-eabi/10.3.1/../../../../arm-none-eabi/lib/thumb/v7e-m+fp/hard\libc.a
LOAD c:/st/stm32cubeide_1.12.0/stm32cubeide/plugins/com.st.stm32cube.ide.mcu.externaltools.gnu-tools-for-stm32.10.3-2021.10.win32_1.0.200.202301161003/tools/bin/../lib/gcc/arm-none-eabi/10.3.1/../../../../arm-none-eabi/lib/thumb/v7e-m+fp/hard\libm.a
LOAD c:/st/stm32cubeide_1.12.0/stm32cubeide/plugins/com.st.stm32cube.ide.mcu.externaltools.gnu-tools-for-stm32.10.3-2021.10.win32_1.0.200.202301161003/tools/bin/../lib/gcc/arm-none-eabi/10.3.1/thumb/v7e-m+fp/hard\libgcc.a

.debug_info     0x0000000000000000    0x109da
 .debug_info    0x0000000000000000      0x34d ./Core/Src/Display/LCD1602.o
 .debug_info    0x000000000000034d     0x12d6 ./Core/Src/Modbus/modbus.o
 .debug_info    0x0000000000001623      0x2ca ./Core/Src/MoveControl/movecontrol.o
 .debug_info    0x00000000000018ed       0xa2 ./Core/Src/Settings/Settings.o
 .debug_info    0x000000000000198f      0xb28 ./Core/Src/VibroSens/vibro.o
 .debug_info    0x00000000000024b7       0xd0 ./Core/Src/global.o
 .debug_info    0x0000000000002587     0x1782 ./Core/Src/main.o
 .debug_info    0x0000000000003d09     0x113d ./Core/Src/stm32f4xx_hal_msp.o
 .debug_info    0x0000000000004e46      0x3f3 ./Core/Src/stm32f4xx_it.o
 .debug_info    0x0000000000005239      0x523 ./Core/Src/system_stm32f4xx.o
 .debug_info    0x000000000000575c       0x22 ./Core/Startup/startup_stm32f405rgtx.o
 .debug_info    0x000000000000577e      0x96a ./Drivers/STM32F4xx_HAL_Driver/Src/stm32f4xx_hal.o
 .debug_info    0x00000000000060e8      0xd70 ./Drivers/STM32F4xx_HAL_Driver/Src/stm32f4xx_hal_adc.o
 .debug_info    0x0000000000006e58      0xe09 ./Drivers/STM32F4xx_HAL_Driver/Src/stm32f4xx_hal_cortex.o
 .debug_info    0x0000000000007c61      0x94f ./Drivers/STM32F4xx_HAL_Driver/Src/stm32f4xx_hal_dma.o
 .debug_info    0x00000000000085b0      0x76a ./Drivers/STM32F4xx_HAL_Driver/Src/stm32f4xx_hal_gpio.o
 .debug_info    0x0000000000008d1a      0x966 ./Drivers/STM32F4xx_HAL_Driver/Src/stm32f4xx_hal_rcc.o
 .debug_info    0x0000000000009680     0x2bbe ./Drivers/STM32F4xx_HAL_Driver/Src/stm32f4xx_hal_tim.o
 .debug_info    0x000000000000c23e     0x15e0 ./Drivers/STM32F4xx_HAL_Driver/Src/stm32f4xx_hal_tim_ex.o
 .debug_info    0x000000000000d81e     0x31bc ./Drivers/STM32F4xx_HAL_Driver/Src/stm32f4xx_hal_uart.o

.debug_abbrev   0x0000000000000000     0x2733
 .debug_abbrev  0x0000000000000000      0x1a7 ./Core/Src/Display/LCD1602.o
 .debug_abbrev  0x00000000000001a7      0x393 ./Core/Src/Modbus/modbus.o
 .debug_abbrev  0x000000000000053a      0x19e ./Core/Src/MoveControl/movecontrol.o
 .debug_abbrev  0x00000000000006d8       0x47 ./Core/Src/Settings/Settings.o
 .debug_abbrev  0x000000000000071f      0x202 ./Core/Src/VibroSens/vibro.o
 .debug_abbrev  0x0000000000000921       0x65 ./Core/Src/global.o
 .debug_abbrev  0x0000000000000986      0x2fb ./Core/Src/main.o
 .debug_abbrev  0x0000000000000c81      0x245 ./Core/Src/stm32f4xx_hal_msp.o
 .debug_abbrev  0x0000000000000ec6      0x15f ./Core/Src/stm32f4xx_it.o
 .debug_abbrev  0x0000000000001025      0x116 ./Core/Src/system_stm32f4xx.o
 .debug_abbrev  0x000000000000113b       0x12 ./Core/Startup/startup_stm32f405rgtx.o
 .debug_abbrev  0x000000000000114d      0x20d ./Drivers/STM32F4xx_HAL_Driver/Src/stm32f4xx_hal.o
 .debug_abbrev  0x000000000000135a      0x244 ./Drivers/STM32F4xx_HAL_Driver/Src/stm32f4xx_hal_adc.o
 .debug_abbrev  0x000000000000159e      0x316 ./Drivers/STM32F4xx_HAL_Driver/Src/stm32f4xx_hal_cortex.o
 .debug_abbrev  0x00000000000018b4      0x25b ./Drivers/STM32F4xx_HAL_Driver/Src/stm32f4xx_hal_dma.o
 .debug_abbrev  0x0000000000001b0f      0x1c4 ./Drivers/STM32F4xx_HAL_Driver/Src/stm32f4xx_hal_gpio.o
 .debug_abbrev  0x0000000000001cd3      0x2aa ./Drivers/STM32F4xx_HAL_Driver/Src/stm32f4xx_hal_rcc.o
 .debug_abbrev  0x0000000000001f7d      0x25d ./Drivers/STM32F4xx_HAL_Driver/Src/stm32f4xx_hal_tim.o
 .debug_abbrev  0x00000000000021da      0x265 ./Drivers/STM32F4xx_HAL_Driver/Src/stm32f4xx_hal_tim_ex.o
 .debug_abbrev  0x000000000000243f      0x2f4 ./Drivers/STM32F4xx_HAL_Driver/Src/stm32f4xx_hal_uart.o

.debug_aranges  0x0000000000000000      0xf18
 .debug_aranges
                0x0000000000000000       0x68 ./Core/Src/Display/LCD1602.o
 .debug_aranges
                0x0000000000000068       0xc0 ./Core/Src/Modbus/modbus.o
 .debug_aranges
                0x0000000000000128       0x58 ./Core/Src/MoveControl/movecontrol.o
 .debug_aranges
                0x0000000000000180       0x28 ./Core/Src/Settings/Settings.o
 .debug_aranges
                0x00000000000001a8       0x40 ./Core/Src/VibroSens/vibro.o
 .debug_aranges
                0x00000000000001e8       0x18 ./Core/Src/global.o
 .debug_aranges
                0x0000000000000200       0x68 ./Core/Src/main.o
 .debug_aranges
                0x0000000000000268       0x60 ./Core/Src/stm32f4xx_hal_msp.o
 .debug_aranges
                0x00000000000002c8       0x68 ./Core/Src/stm32f4xx_it.o
 .debug_aranges
                0x0000000000000330       0x28 ./Core/Src/system_stm32f4xx.o
 .debug_aranges
                0x0000000000000358       0x28 ./Core/Startup/startup_stm32f405rgtx.o
 .debug_aranges
                0x0000000000000380       0xf0 ./Drivers/STM32F4xx_HAL_Driver/Src/stm32f4xx_hal.o
 .debug_aranges
                0x0000000000000470       0xe8 ./Drivers/STM32F4xx_HAL_Driver/Src/stm32f4xx_hal_adc.o
 .debug_aranges
                0x0000000000000558      0x118 ./Drivers/STM32F4xx_HAL_Driver/Src/stm32f4xx_hal_cortex.o
 .debug_aranges
                0x0000000000000670       0x90 ./Drivers/STM32F4xx_HAL_Driver/Src/stm32f4xx_hal_dma.o
 .debug_aranges
                0x0000000000000700       0x58 ./Drivers/STM32F4xx_HAL_Driver/Src/stm32f4xx_hal_gpio.o
 .debug_aranges
                0x0000000000000758       0x88 ./Drivers/STM32F4xx_HAL_Driver/Src/stm32f4xx_hal_rcc.o
 .debug_aranges
                0x00000000000007e0      0x3d0 ./Drivers/STM32F4xx_HAL_Driver/Src/stm32f4xx_hal_tim.o
 .debug_aranges
                0x0000000000000bb0      0x168 ./Drivers/STM32F4xx_HAL_Driver/Src/stm32f4xx_hal_tim_ex.o
 .debug_aranges
                0x0000000000000d18      0x200 ./Drivers/STM32F4xx_HAL_Driver/Src/stm32f4xx_hal_uart.o

.debug_ranges   0x0000000000000000      0xe08
 .debug_ranges  0x0000000000000000       0x58 ./Core/Src/Display/LCD1602.o
 .debug_ranges  0x0000000000000058       0xb0 ./Core/Src/Modbus/modbus.o
 .debug_ranges  0x0000000000000108       0x48 ./Core/Src/MoveControl/movecontrol.o
 .debug_ranges  0x0000000000000150       0x18 ./Core/Src/Settings/Settings.o
 .debug_ranges  0x0000000000000168       0x30 ./Core/Src/VibroSens/vibro.o
 .debug_ranges  0x0000000000000198       0x58 ./Core/Src/main.o
 .debug_ranges  0x00000000000001f0       0x50 ./Core/Src/stm32f4xx_hal_msp.o
 .debug_ranges  0x0000000000000240       0x58 ./Core/Src/stm32f4xx_it.o
 .debug_ranges  0x0000000000000298       0x18 ./Core/Src/system_stm32f4xx.o
 .debug_ranges  0x00000000000002b0       0x20 ./Core/Startup/startup_stm32f405rgtx.o
 .debug_ranges  0x00000000000002d0       0xe0 ./Drivers/STM32F4xx_HAL_Driver/Src/stm32f4xx_hal.o
 .debug_ranges  0x00000000000003b0       0xd8 ./Drivers/STM32F4xx_HAL_Driver/Src/stm32f4xx_hal_adc.o
 .debug_ranges  0x0000000000000488      0x108 ./Drivers/STM32F4xx_HAL_Driver/Src/stm32f4xx_hal_cortex.o
 .debug_ranges  0x0000000000000590       0x80 ./Drivers/STM32F4xx_HAL_Driver/Src/stm32f4xx_hal_dma.o
 .debug_ranges  0x0000000000000610       0x48 ./Drivers/STM32F4xx_HAL_Driver/Src/stm32f4xx_hal_gpio.o
 .debug_ranges  0x0000000000000658       0x78 ./Drivers/STM32F4xx_HAL_Driver/Src/stm32f4xx_hal_rcc.o
 .debug_ranges  0x00000000000006d0      0x3c0 ./Drivers/STM32F4xx_HAL_Driver/Src/stm32f4xx_hal_tim.o
 .debug_ranges  0x0000000000000a90      0x158 ./Drivers/STM32F4xx_HAL_Driver/Src/stm32f4xx_hal_tim_ex.o
 .debug_ranges  0x0000000000000be8      0x220 ./Drivers/STM32F4xx_HAL_Driver/Src/stm32f4xx_hal_uart.o

.debug_macro    0x0000000000000000    0x20e2c
 .debug_macro   0x0000000000000000      0x255 ./Core/Src/Display/LCD1602.o
 .debug_macro   0x0000000000000255      0xa78 ./Core/Src/Display/LCD1602.o
 .debug_macro   0x0000000000000ccd      0x2a1 ./Core/Src/Display/LCD1602.o
 .debug_macro   0x0000000000000f6e       0x2e ./Core/Src/Display/LCD1602.o
 .debug_macro   0x0000000000000f9c       0x2f ./Core/Src/Display/LCD1602.o
 .debug_macro   0x0000000000000fcb       0x22 ./Core/Src/Display/LCD1602.o
 .debug_macro   0x0000000000000fed       0x8e ./Core/Src/Display/LCD1602.o
 .debug_macro   0x000000000000107b       0x51 ./Core/Src/Display/LCD1602.o
 .debug_macro   0x00000000000010cc      0x103 ./Core/Src/Display/LCD1602.o
 .debug_macro   0x00000000000011cf       0x6a ./Core/Src/Display/LCD1602.o
 .debug_macro   0x0000000000001239      0x1df ./Core/Src/Display/LCD1602.o
 .debug_macro   0x0000000000001418       0x1c ./Core/Src/Display/LCD1602.o
 .debug_macro   0x0000000000001434       0x22 ./Core/Src/Display/LCD1602.o
 .debug_macro   0x0000000000001456       0xd9 ./Core/Src/Display/LCD1602.o
 .debug_macro   0x000000000000152f     0x102d ./Core/Src/Display/LCD1602.o
 .debug_macro   0x000000000000255c      0x11f ./Core/Src/Display/LCD1602.o
 .debug_macro   0x000000000000267b    0x1426d ./Core/Src/Display/LCD1602.o
 .debug_macro   0x00000000000168e8       0x6d ./Core/Src/Display/LCD1602.o
 .debug_macro   0x0000000000016955     0x367e ./Core/Src/Display/LCD1602.o
 .debug_macro   0x0000000000019fd3      0x174 ./Core/Src/Display/LCD1602.o
 .debug_macro   0x000000000001a147       0x5c ./Core/Src/Display/LCD1602.o
 .debug_macro   0x000000000001a1a3      0x8a7 ./Core/Src/Display/LCD1602.o
 .debug_macro   0x000000000001aa4a      0x9fe ./Core/Src/Display/LCD1602.o
 .debug_macro   0x000000000001b448      0x115 ./Core/Src/Display/LCD1602.o
 .debug_macro   0x000000000001b55d      0x130 ./Core/Src/Display/LCD1602.o
 .debug_macro   0x000000000001b68d       0xa5 ./Core/Src/Display/LCD1602.o
 .debug_macro   0x000000000001b732      0x174 ./Core/Src/Display/LCD1602.o
 .debug_macro   0x000000000001b8a6      0x287 ./Core/Src/Display/LCD1602.o
 .debug_macro   0x000000000001bb2d       0x5f ./Core/Src/Display/LCD1602.o
 .debug_macro   0x000000000001bb8c      0x236 ./Core/Src/Display/LCD1602.o
 .debug_macro   0x000000000001bdc2      0xb5b ./Core/Src/Display/LCD1602.o
 .debug_macro   0x000000000001c91d      0x38b ./Core/Src/Display/LCD1602.o
 .debug_macro   0x000000000001cca8      0x176 ./Core/Src/Display/LCD1602.o
 .debug_macro   0x000000000001ce1e       0xf9 ./Core/Src/Display/LCD1602.o
 .debug_macro   0x000000000001cf17      0x12c ./Core/Src/Display/LCD1602.o
 .debug_macro   0x000000000001d043      0x21e ./Core/Src/Display/LCD1602.o
 .debug_macro   0x000000000001d261       0x2e ./Core/Src/Display/LCD1602.o
 .debug_macro   0x000000000001d28f      0x11a ./Core/Src/Display/LCD1602.o
 .debug_macro   0x000000000001d3a9       0x7e ./Core/Src/Display/LCD1602.o
 .debug_macro   0x000000000001d427       0x89 ./Core/Src/Display/LCD1602.o
 .debug_macro   0x000000000001d4b0      0x8e6 ./Core/Src/Display/LCD1602.o
 .debug_macro   0x000000000001dd96       0x47 ./Core/Src/Display/LCD1602.o
 .debug_macro   0x000000000001dddd      0x295 ./Core/Src/Display/LCD1602.o
 .debug_macro   0x000000000001e072      0x12d ./Core/Src/Display/LCD1602.o
 .debug_macro   0x000000000001e19f       0x10 ./Core/Src/Display/LCD1602.o
 .debug_macro   0x000000000001e1af      0x213 ./Core/Src/Modbus/modbus.o
 .debug_macro   0x000000000001e3c2      0x21c ./Core/Src/MoveControl/movecontrol.o
 .debug_macro   0x000000000001e5de       0x10 ./Core/Src/MoveControl/movecontrol.o
 .debug_macro   0x000000000001e5ee       0x3a ./Core/Src/MoveControl/movecontrol.o
 .debug_macro   0x000000000001e628      0x20e ./Core/Src/Settings/Settings.o
 .debug_macro   0x000000000001e836      0x2be ./Core/Src/VibroSens/vibro.o
 .debug_macro   0x000000000001eaf4       0x16 ./Core/Src/VibroSens/vibro.o
 .debug_macro   0x000000000001eb0a       0x52 ./Core/Src/VibroSens/vibro.o
 .debug_macro   0x000000000001eb5c       0x1e ./Core/Src/VibroSens/vibro.o
 .debug_macro   0x000000000001eb7a       0x3c ./Core/Src/VibroSens/vibro.o
 .debug_macro   0x000000000001ebb6       0x34 ./Core/Src/VibroSens/vibro.o
 .debug_macro   0x000000000001ebea       0x16 ./Core/Src/VibroSens/vibro.o
 .debug_macro   0x000000000001ec00       0x43 ./Core/Src/VibroSens/vibro.o
 .debug_macro   0x000000000001ec43       0x34 ./Core/Src/VibroSens/vibro.o
 .debug_macro   0x000000000001ec77       0x10 ./Core/Src/VibroSens/vibro.o
 .debug_macro   0x000000000001ec87       0x58 ./Core/Src/VibroSens/vibro.o
 .debug_macro   0x000000000001ecdf       0x71 ./Core/Src/VibroSens/vibro.o
 .debug_macro   0x000000000001ed50       0x1c ./Core/Src/VibroSens/vibro.o
 .debug_macro   0x000000000001ed6c      0x12a ./Core/Src/VibroSens/vibro.o
 .debug_macro   0x000000000001ee96      0x341 ./Core/Src/VibroSens/vibro.o
 .debug_macro   0x000000000001f1d7      0x19b ./Core/Src/VibroSens/vibro.o
 .debug_macro   0x000000000001f372       0x15 ./Core/Src/global.o
 .debug_macro   0x000000000001f387      0x232 ./Core/Src/main.o
 .debug_macro   0x000000000001f5b9       0x16 ./Core/Src/main.o
 .debug_macro   0x000000000001f5cf       0x1c ./Core/Src/main.o
 .debug_macro   0x000000000001f5eb      0x204 ./Core/Src/stm32f4xx_hal_msp.o
 .debug_macro   0x000000000001f7ef      0x20e ./Core/Src/stm32f4xx_it.o
 .debug_macro   0x000000000001f9fd      0x1f6 ./Core/Src/system_stm32f4xx.o
 .debug_macro   0x000000000001fbf3      0x256 ./Drivers/STM32F4xx_HAL_Driver/Src/stm32f4xx_hal.o
 .debug_macro   0x000000000001fe49      0x1f7 ./Drivers/STM32F4xx_HAL_Driver/Src/stm32f4xx_hal_adc.o
 .debug_macro   0x0000000000020040      0x1f6 ./Drivers/STM32F4xx_HAL_Driver/Src/stm32f4xx_hal_cortex.o
 .debug_macro   0x0000000000020236      0x1fc ./Drivers/STM32F4xx_HAL_Driver/Src/stm32f4xx_hal_dma.o
 .debug_macro   0x0000000000020432      0x1fc ./Drivers/STM32F4xx_HAL_Driver/Src/stm32f4xx_hal_gpio.o
 .debug_macro   0x000000000002062e      0x21a ./Drivers/STM32F4xx_HAL_Driver/Src/stm32f4xx_hal_rcc.o
 .debug_macro   0x0000000000020848      0x1f7 ./Drivers/STM32F4xx_HAL_Driver/Src/stm32f4xx_hal_tim.o
 .debug_macro   0x0000000000020a3f      0x1f6 ./Drivers/STM32F4xx_HAL_Driver/Src/stm32f4xx_hal_tim_ex.o
 .debug_macro   0x0000000000020c35      0x1f7 ./Drivers/STM32F4xx_HAL_Driver/Src/stm32f4xx_hal_uart.o

.debug_line     0x0000000000000000    0x11de0
 .debug_line    0x0000000000000000      0x874 ./Core/Src/Display/LCD1602.o
 .debug_line    0x0000000000000874      0xce3 ./Core/Src/Modbus/modbus.o
 .debug_line    0x0000000000001557      0x853 ./Core/Src/MoveControl/movecontrol.o
 .debug_line    0x0000000000001daa      0x730 ./Core/Src/Settings/Settings.o
 .debug_line    0x00000000000024da      0x99a ./Core/Src/VibroSens/vibro.o
 .debug_line    0x0000000000002e74       0x4d ./Core/Src/global.o
 .debug_line    0x0000000000002ec1      0xa17 ./Core/Src/main.o
 .debug_line    0x00000000000038d8      0x874 ./Core/Src/stm32f4xx_hal_msp.o
 .debug_line    0x000000000000414c      0x7f1 ./Core/Src/stm32f4xx_it.o
 .debug_line    0x000000000000493d      0x78c ./Core/Src/system_stm32f4xx.o
 .debug_line    0x00000000000050c9       0x88 ./Core/Startup/startup_stm32f405rgtx.o
 .debug_line    0x0000000000005151      0x9f2 ./Drivers/STM32F4xx_HAL_Driver/Src/stm32f4xx_hal.o
 .debug_line    0x0000000000005b43     0x1268 ./Drivers/STM32F4xx_HAL_Driver/Src/stm32f4xx_hal_adc.o
 .debug_line    0x0000000000006dab      0xca1 ./Drivers/STM32F4xx_HAL_Driver/Src/stm32f4xx_hal_cortex.o
 .debug_line    0x0000000000007a4c      0xf56 ./Drivers/STM32F4xx_HAL_Driver/Src/stm32f4xx_hal_dma.o
 .debug_line    0x00000000000089a2      0xb66 ./Drivers/STM32F4xx_HAL_Driver/Src/stm32f4xx_hal_gpio.o
 .debug_line    0x0000000000009508      0xd6c ./Drivers/STM32F4xx_HAL_Driver/Src/stm32f4xx_hal_rcc.o
 .debug_line    0x000000000000a274     0x36e6 ./Drivers/STM32F4xx_HAL_Driver/Src/stm32f4xx_hal_tim.o
 .debug_line    0x000000000000d95a     0x19ef ./Drivers/STM32F4xx_HAL_Driver/Src/stm32f4xx_hal_tim_ex.o
 .debug_line    0x000000000000f349     0x2a97 ./Drivers/STM32F4xx_HAL_Driver/Src/stm32f4xx_hal_uart.o

.debug_str      0x0000000000000000    0xcc9d1
 .debug_str     0x0000000000000000    0xc4ea7 ./Core/Src/Display/LCD1602.o
                                      0xc5129 (size before relaxing)
 .debug_str     0x00000000000c4ea7      0xc06 ./Core/Src/Modbus/modbus.o
                                      0xc5bed (size before relaxing)
 .debug_str     0x00000000000c5aad       0xd5 ./Core/Src/MoveControl/movecontrol.o
                                      0xc5178 (size before relaxing)
 .debug_str     0x00000000000c5b82       0x41 ./Core/Src/Settings/Settings.o
                                      0xc4ed8 (size before relaxing)
 .debug_str     0x00000000000c5bc3     0x380c ./Core/Src/VibroSens/vibro.o
                                      0xc8c86 (size before relaxing)
 .debug_str     0x00000000000c93cf       0x15 ./Core/Src/global.o
                                       0x2d53 (size before relaxing)
 .debug_str     0x00000000000c93e4      0x9a5 ./Core/Src/main.o
                                      0xc6428 (size before relaxing)
 .debug_str     0x00000000000c9d89      0x109 ./Core/Src/stm32f4xx_hal_msp.o
                                      0xc5a25 (size before relaxing)
 .debug_str     0x00000000000c9e92       0xf4 ./Core/Src/stm32f4xx_it.o
                                      0xc51f5 (size before relaxing)
 .debug_str     0x00000000000c9f86       0xc5 ./Core/Src/system_stm32f4xx.o
                                      0xc5084 (size before relaxing)
 .debug_str     0x00000000000ca04b       0x36 ./Core/Startup/startup_stm32f405rgtx.o
                                         0x79 (size before relaxing)
 .debug_str     0x00000000000ca081      0x601 ./Drivers/STM32F4xx_HAL_Driver/Src/stm32f4xx_hal.o
                                      0xc5be7 (size before relaxing)
 .debug_str     0x00000000000ca682      0x2b3 ./Drivers/STM32F4xx_HAL_Driver/Src/stm32f4xx_hal_adc.o
                                      0xc5671 (size before relaxing)
 .debug_str     0x00000000000ca935      0x33a ./Drivers/STM32F4xx_HAL_Driver/Src/stm32f4xx_hal_cortex.o
                                      0xc591a (size before relaxing)
 .debug_str     0x00000000000cac6f      0x2d5 ./Drivers/STM32F4xx_HAL_Driver/Src/stm32f4xx_hal_dma.o
                                      0xc549e (size before relaxing)
 .debug_str     0x00000000000caf44      0x121 ./Drivers/STM32F4xx_HAL_Driver/Src/stm32f4xx_hal_gpio.o
                                      0xc51ff (size before relaxing)
 .debug_str     0x00000000000cb065      0x1ff ./Drivers/STM32F4xx_HAL_Driver/Src/stm32f4xx_hal_rcc.o
                                      0xc54b8 (size before relaxing)
 .debug_str     0x00000000000cb264      0xd58 ./Drivers/STM32F4xx_HAL_Driver/Src/stm32f4xx_hal_tim.o
                                      0xc63fe (size before relaxing)
 .debug_str     0x00000000000cbfbc      0x493 ./Drivers/STM32F4xx_HAL_Driver/Src/stm32f4xx_hal_tim_ex.o
                                      0xc5c1a (size before relaxing)
 .debug_str     0x00000000000cc44f      0x582 ./Drivers/STM32F4xx_HAL_Driver/Src/stm32f4xx_hal_uart.o
                                      0xc5a57 (size before relaxing)

.comment        0x0000000000000000       0x50
 .comment       0x0000000000000000       0x50 ./Core/Src/Display/LCD1602.o
                                         0x51 (size before relaxing)
 .comment       0x0000000000000050       0x51 ./Core/Src/Modbus/modbus.o
 .comment       0x0000000000000050       0x51 ./Core/Src/MoveControl/movecontrol.o
 .comment       0x0000000000000050       0x51 ./Core/Src/Settings/Settings.o
 .comment       0x0000000000000050       0x51 ./Core/Src/VibroSens/vibro.o
 .comment       0x0000000000000050       0x51 ./Core/Src/global.o
 .comment       0x0000000000000050       0x51 ./Core/Src/main.o
 .comment       0x0000000000000050       0x51 ./Core/Src/stm32f4xx_hal_msp.o
 .comment       0x0000000000000050       0x51 ./Core/Src/stm32f4xx_it.o
 .comment       0x0000000000000050       0x51 ./Core/Src/system_stm32f4xx.o
 .comment       0x0000000000000050       0x51 ./Drivers/STM32F4xx_HAL_Driver/Src/stm32f4xx_hal.o
 .comment       0x0000000000000050       0x51 ./Drivers/STM32F4xx_HAL_Driver/Src/stm32f4xx_hal_adc.o
 .comment       0x0000000000000050       0x51 ./Drivers/STM32F4xx_HAL_Driver/Src/stm32f4xx_hal_cortex.o
 .comment       0x0000000000000050       0x51 ./Drivers/STM32F4xx_HAL_Driver/Src/stm32f4xx_hal_dma.o
 .comment       0x0000000000000050       0x51 ./Drivers/STM32F4xx_HAL_Driver/Src/stm32f4xx_hal_gpio.o
 .comment       0x0000000000000050       0x51 ./Drivers/STM32F4xx_HAL_Driver/Src/stm32f4xx_hal_rcc.o
 .comment       0x0000000000000050       0x51 ./Drivers/STM32F4xx_HAL_Driver/Src/stm32f4xx_hal_tim.o
 .comment       0x0000000000000050       0x51 ./Drivers/STM32F4xx_HAL_Driver/Src/stm32f4xx_hal_tim_ex.o
 .comment       0x0000000000000050       0x51 ./Drivers/STM32F4xx_HAL_Driver/Src/stm32f4xx_hal_uart.o

.debug_frame    0x0000000000000000     0x40cc
 .debug_frame   0x0000000000000000      0x158 ./Core/Src/Display/LCD1602.o
 .debug_frame   0x0000000000000158      0x308 ./Core/Src/Modbus/modbus.o
 .debug_frame   0x0000000000000460      0x114 ./Core/Src/MoveControl/movecontrol.o
 .debug_frame   0x0000000000000574       0x50 ./Core/Src/Settings/Settings.o
 .debug_frame   0x00000000000005c4       0xb8 ./Core/Src/VibroSens/vibro.o
 .debug_frame   0x000000000000067c      0x154 ./Core/Src/main.o
 .debug_frame   0x00000000000007d0      0x168 ./Core/Src/stm32f4xx_hal_msp.o
 .debug_frame   0x0000000000000938      0x120 ./Core/Src/stm32f4xx_it.o
 .debug_frame   0x0000000000000a58       0x58 ./Core/Src/system_stm32f4xx.o
 .debug_frame   0x0000000000000ab0      0x374 ./Drivers/STM32F4xx_HAL_Driver/Src/stm32f4xx_hal.o
 .debug_frame   0x0000000000000e24      0x3fc ./Drivers/STM32F4xx_HAL_Driver/Src/stm32f4xx_hal_adc.o
 .debug_frame   0x0000000000001220      0x498 ./Drivers/STM32F4xx_HAL_Driver/Src/stm32f4xx_hal_cortex.o
 .debug_frame   0x00000000000016b8      0x250 ./Drivers/STM32F4xx_HAL_Driver/Src/stm32f4xx_hal_dma.o
 .debug_frame   0x0000000000001908      0x14c ./Drivers/STM32F4xx_HAL_Driver/Src/stm32f4xx_hal_gpio.o
 .debug_frame   0x0000000000001a54      0x1f4 ./Drivers/STM32F4xx_HAL_Driver/Src/stm32f4xx_hal_rcc.o
 .debug_frame   0x0000000000001c48     0x11c4 ./Drivers/STM32F4xx_HAL_Driver/Src/stm32f4xx_hal_tim.o
 .debug_frame   0x0000000000002e0c      0x638 ./Drivers/STM32F4xx_HAL_Driver/Src/stm32f4xx_hal_tim_ex.o
 .debug_frame   0x0000000000003444      0x92c ./Drivers/STM32F4xx_HAL_Driver/Src/stm32f4xx_hal_uart.o
 .debug_frame   0x0000000000003d70       0x20 c:/st/stm32cubeide_1.12.0/stm32cubeide/plugins/com.st.stm32cube.ide.mcu.externaltools.gnu-tools-for-stm32.10.3-2021.10.win32_1.0.200.202301161003/tools/bin/../lib/gcc/arm-none-eabi/10.3.1/../../../../arm-none-eabi/lib/thumb/v7e-m+fp/hard\libc_nano.a(lib_a-abs.o)
 .debug_frame   0x0000000000003d90       0x20 c:/st/stm32cubeide_1.12.0/stm32cubeide/plugins/com.st.stm32cube.ide.mcu.externaltools.gnu-tools-for-stm32.10.3-2021.10.win32_1.0.200.202301161003/tools/bin/../lib/gcc/arm-none-eabi/10.3.1/../../../../arm-none-eabi/lib/thumb/v7e-m+fp/hard\libc_nano.a(lib_a-errno.o)
 .debug_frame   0x0000000000003db0       0x2c c:/st/stm32cubeide_1.12.0/stm32cubeide/plugins/com.st.stm32cube.ide.mcu.externaltools.gnu-tools-for-stm32.10.3-2021.10.win32_1.0.200.202301161003/tools/bin/../lib/gcc/arm-none-eabi/10.3.1/../../../../arm-none-eabi/lib/thumb/v7e-m+fp/hard\libc_nano.a(lib_a-init.o)
 .debug_frame   0x0000000000003ddc       0x20 c:/st/stm32cubeide_1.12.0/stm32cubeide/plugins/com.st.stm32cube.ide.mcu.externaltools.gnu-tools-for-stm32.10.3-2021.10.win32_1.0.200.202301161003/tools/bin/../lib/gcc/arm-none-eabi/10.3.1/../../../../arm-none-eabi/lib/thumb/v7e-m+fp/hard\libc_nano.a(lib_a-memset.o)
 .debug_frame   0x0000000000003dfc       0x3c c:/st/stm32cubeide_1.12.0/stm32cubeide/plugins/com.st.stm32cube.ide.mcu.externaltools.gnu-tools-for-stm32.10.3-2021.10.win32_1.0.200.202301161003/tools/bin/../lib/gcc/arm-none-eabi/10.3.1/../../../../arm-none-eabi/lib/thumb/v7e-m+fp/hard\libm.a(lib_a-w_sqrt.o)
 .debug_frame   0x0000000000003e38       0x30 c:/st/stm32cubeide_1.12.0/stm32cubeide/plugins/com.st.stm32cube.ide.mcu.externaltools.gnu-tools-for-stm32.10.3-2021.10.win32_1.0.200.202301161003/tools/bin/../lib/gcc/arm-none-eabi/10.3.1/../../../../arm-none-eabi/lib/thumb/v7e-m+fp/hard\libm.a(lib_a-e_sqrt.o)
 .debug_frame   0x0000000000003e68       0xac c:/st/stm32cubeide_1.12.0/stm32cubeide/plugins/com.st.stm32cube.ide.mcu.externaltools.gnu-tools-for-stm32.10.3-2021.10.win32_1.0.200.202301161003/tools/bin/../lib/gcc/arm-none-eabi/10.3.1/thumb/v7e-m+fp/hard\libgcc.a(_arm_addsubdf3.o)
 .debug_frame   0x0000000000003f14       0x50 c:/st/stm32cubeide_1.12.0/stm32cubeide/plugins/com.st.stm32cube.ide.mcu.externaltools.gnu-tools-for-stm32.10.3-2021.10.win32_1.0.200.202301161003/tools/bin/../lib/gcc/arm-none-eabi/10.3.1/thumb/v7e-m+fp/hard\libgcc.a(_arm_muldivdf3.o)
 .debug_frame   0x0000000000003f64       0xc4 c:/st/stm32cubeide_1.12.0/stm32cubeide/plugins/com.st.stm32cube.ide.mcu.externaltools.gnu-tools-for-stm32.10.3-2021.10.win32_1.0.200.202301161003/tools/bin/../lib/gcc/arm-none-eabi/10.3.1/thumb/v7e-m+fp/hard\libgcc.a(_arm_cmpdf2.o)
 .debug_frame   0x0000000000004028       0x20 c:/st/stm32cubeide_1.12.0/stm32cubeide/plugins/com.st.stm32cube.ide.mcu.externaltools.gnu-tools-for-stm32.10.3-2021.10.win32_1.0.200.202301161003/tools/bin/../lib/gcc/arm-none-eabi/10.3.1/thumb/v7e-m+fp/hard\libgcc.a(_arm_unorddf2.o)
 .debug_frame   0x0000000000004048       0x24 c:/st/stm32cubeide_1.12.0/stm32cubeide/plugins/com.st.stm32cube.ide.mcu.externaltools.gnu-tools-for-stm32.10.3-2021.10.win32_1.0.200.202301161003/tools/bin/../lib/gcc/arm-none-eabi/10.3.1/thumb/v7e-m+fp/hard\libgcc.a(_arm_truncdfsf2.o)
 .debug_frame   0x000000000000406c       0x2c c:/st/stm32cubeide_1.12.0/stm32cubeide/plugins/com.st.stm32cube.ide.mcu.externaltools.gnu-tools-for-stm32.10.3-2021.10.win32_1.0.200.202301161003/tools/bin/../lib/gcc/arm-none-eabi/10.3.1/thumb/v7e-m+fp/hard\libgcc.a(_aeabi_uldivmod.o)
 .debug_frame   0x0000000000004098       0x34 c:/st/stm32cubeide_1.12.0/stm32cubeide/plugins/com.st.stm32cube.ide.mcu.externaltools.gnu-tools-for-stm32.10.3-2021.10.win32_1.0.200.202301161003/tools/bin/../lib/gcc/arm-none-eabi/10.3.1/thumb/v7e-m+fp/hard\libgcc.a(_udivmoddi4.o)
