../Core/Src/Display/LCD1602.c:34:5:lcdTransCommand	4	static
../Core/Src/Display/LCD1602.c:39:5:LCD1602_Init	8	static
../Core/Src/Display/LCD1602.c:55:6:LCD1602_putc	24	static
../Core/Src/Display/LCD1602.c:66:6:LCD1602_cls	8	static
../Core/Src/Display/LCD1602.c:71:13:delay	24	static
../Core/Src/Display/LCD1602.c:84:13:PulseLCD	8	static
../Core/Src/Display/LCD1602.c:95:13:SendByte	16	static
../Core/Src/Display/LCD1602.c:117:13:Cursor	24	static
../Core/Src/Display/LCD1602.c:129:13:ClearLCDScreen	8	static
../Core/Src/Display/LCD1602.c:139:6:DisplayProc	16	static
