../Core/Src/Modbus/modbus.c:15:16:CheckCrc	16	static
../Core/Src/Modbus/modbus.c:28:13:UpdateTimer	4	static
../Core/Src/Modbus/modbus.c:36:13:SetTimer	24	static
../Core/Src/Modbus/modbus.c:48:6:ModBusInit	8	static
../Core/Src/Modbus/modbus.c:55:13:MB_SendErrorMsg	24	static
../Core/Src/Modbus/modbus.c:69:12:isCorrectAddress	32	static
../Core/Src/Modbus/modbus.c:116:13:SendInputs	32	static
../Core/Src/Modbus/modbus.c:144:13:SendDiscrete	32	static
../Core/Src/Modbus/modbus.c:176:13:SendCoils	32	static
../Core/Src/Modbus/modbus.c:208:13:WriteCoils	24	static
../Core/Src/Modbus/modbus.c:242:13:RecMsgProc	8	static
../Core/Src/Modbus/modbus.c:276:9:ModBusSetAddress	16	static
../Core/Src/Modbus/modbus.c:287:9:ModBusSetSpeed	144	static
../Core/Src/Modbus/modbus.c:294:6:HAL_UART_TxCpltCallback	16	static
../Core/Src/Modbus/modbus.c:301:6:HAL_UART_RxCpltCallback	16	static
../Core/Src/Modbus/modbus.c:325:6:HAL_UART_ErrorCallback	16	static
../Core/Src/Modbus/modbus.c:333:6:TIM6_DAC_IRQHandler	4	static
../Core/Src/Modbus/modbus.c:345:10:MB_GetSettings	16	static
../Core/Src/Modbus/modbus.c:349:10:MB_SetSettings	16	static
../Core/Src/Modbus/modbus.c:353:10:MB_SendCommand	16	static
../Core/Src/Modbus/modbus.c:357:6:modbusTaskBody	8	static
